09/28/2026 21:10:40 hora estándar de Brasilia : Information : Local timezone is (UTC-03:00) hora estándar de Brasilia (São Paulo)
09/28/2026 21:10:41 hora estándar de Brasilia : Information : Service Hub .NET service module host started. Host id: dotnet.projectSystem$C94B8CFE-E3FD-4BAF-A941-2866DBB566FE. Controller pipe: net.pipe://12076CBE78. PID: 12086
09/28/2026 21:10:41 hora estándar de Brasilia : Information : hubHostClr read: Content-Length: 116

{"jsonrpc":"2.0","id":2,"method":"InitializeHostAsync","params":[{"HostsRootDirectory":".","AppConfigFallback":""}]}
09/28/2026 21:10:41 hora estándar de Brasilia : Information : hubHostClr write: Content-Length: 93

{"jsonrpc":"2.0","id":2,"result":"dotnet.projectSystem$C94B8CFE-E3FD-4BAF-A941-2866DBB566FE"}
09/28/2026 21:10:41 hora estándar de Brasilia : Information : hubHostClr read: Content-Length: 1047

{"jsonrpc":"2.0","id":4,"method":"StartServiceAsync","params":[{"name":"Microsoft.VisualStudio.ProjectSystem.ProjectInitializationStatusService","host":"dotnet.projectSystem","hostId":"C94B8CFE-E3FD-4BAF-A941-2866DBB566FE","serviceBaseDirectory":"/Users/MAC/.vscode/extensions/ms-dotnettools.csdevkit-3.40.210-darwin-x64/components/CPS/platforms/darwin-x64/node_modules/@microsoft/visualstudio-projectsystem-server.darwin-x64","entryPoint":{"assemblyPath":"/Users/MAC/.vscode/extensions/ms-dotnettools.csdevkit-3.40.210-darwin-x64/components/CPS/platforms/darwin-x64/node_modules/@microsoft/visualstudio-projectsystem-server.darwin-x64/Microsoft.VisualStudio.ProjectSystem.Server.Implementation.dll","fullClassName":"Microsoft.VisualStudio.ProjectSystem.Server.ProjectInitializationStatusServiceFactory"}},{"ActivationArguments":{"__servicehub__ServiceHubRemoteServiceBrokerPipeName":"/Users/MAC/.ServiceHub/528ed158d3/172b69f5da","__servicehub__RequestedServiceVersion":"0.1"},"ClientCredentials":{},"ClientCulture":"en","ClientUICulture":"en"}]}
09/28/2026 21:10:41 hora estándar de Brasilia : Information : hubHostClr read: Content-Length: 2288

{"jsonrpc":"2.0","id":6,"method":"StartServiceAsync","params":[{"name":"Microsoft.VisualStudio.Debugger.HotReloadSessionNotificationService","host":"dotnet.projectSystem","hostId":"C94B8CFE-E3FD-4BAF-A941-2866DBB566FE","serviceBaseDirectory":"/Users/MAC/.vscode/extensions/ms-dotnettools.csdevkit-3.40.210-darwin-x64/components/dnpsv/platforms/darwin-x64/node_modules/@microsoft/vscode.projectsystem.managed.darwin-x64/Services","entryPoint":{"assemblyPath":"/Users/MAC/.vscode/extensions/ms-dotnettools.csdevkit-3.40.210-darwin-x64/components/dnpsv/platforms/darwin-x64/node_modules/@microsoft/vscode.projectsystem.managed.darwin-x64/Services/Microsoft.ProjectSystem.Managed.VSCode.Services.dll","fullClassName":"Microsoft.VisualStudio.HotReload.HotReloadSessionNotificationServiceFactory"},"friendServices":["Microsoft.VisualStudio.ProjectSystem.CompositionService"]},{"ActivationArguments":{"__servicehub__ServiceHubRemoteServiceBrokerPipeName":"/Users/MAC/.ServiceHub/528ed158d3/6f96796f3b","__servicehub__FriendServiceModuleInfo__Microsoft.VisualStudio.ProjectSystem.CompositionService":"{\"name\":\"Microsoft.VisualStudio.ProjectSystem.CompositionService\",\"host\":\"dotnet.projectSystem\",\"hostId\":\"C94B8CFE-E3FD-4BAF-A941-2866DBB566FE\",\"hostConfiguration\":null,\"serviceBaseDirectory\":\"/Users/MAC/.vscode/extensions/ms-dotnettools.csdevkit-3.40.210-darwin-x64/components/CPS/platforms/darwin-x64/node_modules/@microsoft/visualstudio-projectsystem-server.darwin-x64\",\"entryPoint\":{\"assemblyPath\":\"/Users/MAC/.vscode/extensions/ms-dotnettools.csdevkit-3.40.210-darwin-x64/components/CPS/platforms/darwin-x64/node_modules/@microsoft/visualstudio-projectsystem-server.darwin-x64/Microsoft.VisualStudio.ProjectSystem.Server.Implementation.dll\",\"fullClassName\":\"Microsoft.VisualStudio.ProjectSystem.Server.CompositionServiceFactory\",\"scriptPath\":null,\"constructorFunction\":null,\"configPath\":null,\"appBasePath\":null,\"assemblySearchPathsConfig\":null},\"hostGroupAllowed\":null,\"hostGroupId\":null,\"serviceOverride\":null,\"singleDomainLoaderOptimization\":null,\"versionRange\":null,\"enableHotReload\":null,\"friendServices\":null}","__servicehub__RequestedServiceVersion":"0.1"},"ClientCredentials":{},"ClientCulture":"es-BR","ClientUICulture":"es-BR"}]}Content-Length: 2285

{"jsonrpc":"2.0","id":3,"method":"StartServiceAsync","params":[{"name":"Microsoft.VisualStudio.ProjectSystem.LanguageServiceLoadStatusService","host":"dotnet.projectSystem","hostId":"C94B8CFE-E3FD-4BAF-A941-2866DBB566FE","serviceBaseDirectory":"/Users/MAC/.vscode/extensions/ms-dotnettools.csdevkit-3.40.210-darwin-x64/components/dnpsv/platforms/darwin-x64/node_modules/@microsoft/vscode.projectsystem.managed.darwin-x64/Services","entryPoint":{"assemblyPath":"/Users/MAC/.vscode/extensions/ms-dotnettools.csdevkit-3.40.210-darwin-x64/components/dnpsv/platforms/darwin-x64/node_modules/@microsoft/vscode.projectsystem.managed.darwin-x64/Services/Microsoft.ProjectSystem.Managed.VSCode.Services.dll","fullClassName":"Microsoft.VisualStudio.ProjectSystem.LanguageServiceLoadStatusServiceFactory"},"friendServices":["Microsoft.VisualStudio.ProjectSystem.CompositionService"]},{"ActivationArguments":{"__servicehub__ServiceHubRemoteServiceBrokerPipeName":"/Users/MAC/.ServiceHub/528ed158d3/0fe448c652","__servicehub__FriendServiceModuleInfo__Microsoft.VisualStudio.ProjectSystem.CompositionService":"{\"name\":\"Microsoft.VisualStudio.ProjectSystem.CompositionService\",\"host\":\"dotnet.projectSystem\",\"hostId\":\"C94B8CFE-E3FD-4BAF-A941-2866DBB566FE\",\"hostConfiguration\":null,\"serviceBaseDirectory\":\"/Users/MAC/.vscode/extensions/ms-dotnettools.csdevkit-3.40.210-darwin-x64/components/CPS/platforms/darwin-x64/node_modules/@microsoft/visualstudio-projectsystem-server.darwin-x64\",\"entryPoint\":{\"assemblyPath\":\"/Users/MAC/.vscode/extensions/ms-dotnettools.csdevkit-3.40.210-darwin-x64/components/CPS/platforms/darwin-x64/node_modules/@microsoft/visualstudio-projectsystem-server.darwin-x64/Microsoft.VisualStudio.ProjectSystem.Server.Implementation.
09/28/2026 21:10:41 hora estándar de Brasilia : Information : CLR host received start request for service 'Microsoft.VisualStudio.ProjectSystem.ProjectInitializationStatusService'
09/28/2026 21:10:41 hora estándar de Brasilia : Information : hubHostClr read: dll\",\"fullClassName\":\"Microsoft.VisualStudio.ProjectSystem.Server.CompositionServiceFactory\",\"scriptPath\":null,\"constructorFunction\":null,\"configPath\":null,\"appBasePath\":null,\"assemblySearchPathsConfig\":null},\"hostGroupAllowed\":null,\"hostGroupId\":null,\"serviceOverride\":null,\"singleDomainLoaderOptimization\":null,\"versionRange\":null,\"enableHotReload\":null,\"friendServices\":null}","__servicehub__RequestedServiceVersion":"0.1"},"ClientCredentials":{},"ClientCulture":"en","ClientUICulture":"en"}]}Content-Length: 1017

{"jsonrpc":"2.0","id":5,"method":"StartServiceAsync","params":[{"name":"Microsoft.VisualStudio.ProjectSystem.ProjectTreeProvider","host":"dotnet.projectSystem","hostId":"C94B8CFE-E3FD-4BAF-A941-2866DBB566FE","serviceBaseDirectory":"/Users/MAC/.vscode/extensions/ms-dotnettools.csdevkit-3.40.210-darwin-x64/components/CPS/platforms/darwin-x64/node_modules/@microsoft/visualstudio-projectsystem-server.darwin-x64","entryPoint":{"assemblyPath":"/Users/MAC/.vscode/extensions/ms-dotnettools.csdevkit-3.40.210-darwin-x64/components/CPS/platforms/darwin-x64/node_modules/@microsoft/visualstudio-projectsystem-server.darwin-x64/Microsoft.VisualStudio.ProjectSystem.Server.Implementation.dll","fullClassName":"Microsoft.VisualStudio.ProjectSystem.Server.ProjectTreeProviderFactory"}},{"ActivationArguments":{"__servicehub__ServiceHubRemoteServiceBrokerPipeName":"/Users/MAC/.ServiceHub/528ed158d3/864192d792","__servicehub__RequestedServiceVersion":"0.1"},"ClientCredentials":{},"ClientCulture":"en","ClientUICulture":"en"}]}Content-Length: 971

{"jsonrpc":"2.0","id":7,"method":"StartServiceAsync","params":[{"name":"Microsoft.VisualStudio.LaunchConfigurationService","host":"dotnet.projectSystem","hostId":"C94B8CFE-E3FD-4BAF-A941-2866DBB566FE","serviceBaseDirectory":"/Users/MAC/.vscode/extensions/ms-dotnettools.csdevkit-3.40.210-darwin-x64/components/CPS/platforms/darwin-x64/node_modules/@microsoft/visualstudio-projectsystem-server.darwin-x64","entryPoint":{"assemblyPath":"/Users/MAC/.vscode/extensions/ms-dotnettools.csdevkit-3.40.210-darwin-x64/components/CPS/platforms/darwin-x64/node_modules/@microsoft/visualstudio-projectsystem-server.darwin-x64/Microsoft.VisualStudio.ProjectSystem.Server.Implementation.dll","fullClassName":"Microsoft.VisualStudio.ProjectSystem.Server.LaunchConfigurationServiceFactory"}},{"ActivationArguments":{"__servicehub__ServiceHubRemoteServiceBrokerPipeName":"/Users/MAC/.ServiceHub/528ed158d3/d90f97886e"},"ClientCredentials":{},"ClientCulture":"en","ClientUICulture":"en"}]}
09/28/2026 21:10:41 hora estándar de Brasilia : Information : Loading service module assembly '/Users/MAC/.vscode/extensions/ms-dotnettools.csdevkit-3.40.210-darwin-x64/components/CPS/platforms/darwin-x64/node_modules/@microsoft/visualstudio-projectsystem-server.darwin-x64/Microsoft.VisualStudio.ProjectSystem.Server.Implementation.dll' from '/Users/MAC/.vscode/extensions/ms-dotnettools.csdevkit-3.40.210-darwin-x64/components/CPS/platforms/darwin-x64/node_modules/@microsoft/visualstudio-projectsystem-server.darwin-x64'
09/28/2026 21:10:41 hora estándar de Brasilia : Information : Starting service module 'Microsoft.VisualStudio.ProjectSystem.ProjectInitializationStatusService'. Class: Microsoft.VisualStudio.ProjectSystem.Server.ProjectInitializationStatusServiceFactory, Supported Version: 
09/28/2026 21:10:41 hora estándar de Brasilia : Information : Started service 'Microsoft.VisualStudio.ProjectSystem.ProjectInitializationStatusService'. Pipe name: /Users/MAC/.ServiceHub/528ed158d3/2a1960ac21, Supported Version: 
09/28/2026 21:10:41 hora estándar de Brasilia : Information : hubHostClr write: Content-Length: 80

{"jsonrpc":"2.0","id":4,"result":"/Users/MAC/.ServiceHub/528ed158d3/2a1960ac21"}
09/28/2026 21:10:41 hora estándar de Brasilia : Information : CLR host received start request for service 'Microsoft.VisualStudio.Debugger.HotReloadSessionNotificationService'
09/28/2026 21:10:41 hora estándar de Brasilia : Information : Loading service module assembly '/Users/MAC/.vscode/extensions/ms-dotnettools.csdevkit-3.40.210-darwin-x64/components/dnpsv/platforms/darwin-x64/node_modules/@microsoft/vscode.projectsystem.managed.darwin-x64/Services/Microsoft.ProjectSystem.Managed.VSCode.Services.dll' from '/Users/MAC/.vscode/extensions/ms-dotnettools.csdevkit-3.40.210-darwin-x64/components/dnpsv/platforms/darwin-x64/node_modules/@microsoft/vscode.projectsystem.managed.darwin-x64/Services'
09/28/2026 21:10:41 hora estándar de Brasilia : Information : Starting service module 'Microsoft.VisualStudio.Debugger.HotReloadSessionNotificationService'. Class: Microsoft.VisualStudio.HotReload.HotReloadSessionNotificationServiceFactory, Supported Version: 
09/28/2026 21:10:41 hora estándar de Brasilia : Information : Started service 'Microsoft.VisualStudio.Debugger.HotReloadSessionNotificationService'. Pipe name: /Users/MAC/.ServiceHub/528ed158d3/da793c060b, Supported Version: 
09/28/2026 21:10:41 hora estándar de Brasilia : Information : CLR host received start request for service 'Microsoft.VisualStudio.ProjectSystem.LanguageServiceLoadStatusService'
09/28/2026 21:10:41 hora estándar de Brasilia : Information : hubHostClr write: Content-Length: 80

{"jsonrpc":"2.0","id":6,"result":"/Users/MAC/.ServiceHub/528ed158d3/da793c060b"}
09/28/2026 21:10:41 hora estándar de Brasilia : Information : Loading service module assembly '/Users/MAC/.vscode/extensions/ms-dotnettools.csdevkit-3.40.210-darwin-x64/components/dnpsv/platforms/darwin-x64/node_modules/@microsoft/vscode.projectsystem.managed.darwin-x64/Services/Microsoft.ProjectSystem.Managed.VSCode.Services.dll' from '/Users/MAC/.vscode/extensions/ms-dotnettools.csdevkit-3.40.210-darwin-x64/components/dnpsv/platforms/darwin-x64/node_modules/@microsoft/vscode.projectsystem.managed.darwin-x64/Services'
09/28/2026 21:10:41 hora estándar de Brasilia : Information : Starting service module 'Microsoft.VisualStudio.ProjectSystem.LanguageServiceLoadStatusService'. Class: Microsoft.VisualStudio.ProjectSystem.LanguageServiceLoadStatusServiceFactory, Supported Version: 
09/28/2026 21:10:41 hora estándar de Brasilia : Information : Started service 'Microsoft.VisualStudio.ProjectSystem.LanguageServiceLoadStatusService'. Pipe name: /Users/MAC/.ServiceHub/528ed158d3/d472e84721, Supported Version: 
09/28/2026 21:10:41 hora estándar de Brasilia : Information : CLR host received start request for service 'Microsoft.VisualStudio.ProjectSystem.ProjectTreeProvider'
09/28/2026 21:10:41 hora estándar de Brasilia : Information : hubHostClr write: Content-Length: 80

{"jsonrpc":"2.0","id":3,"result":"/Users/MAC/.ServiceHub/528ed158d3/d472e84721"}
09/28/2026 21:10:41 hora estándar de Brasilia : Information : Loading service module assembly '/Users/MAC/.vscode/extensions/ms-dotnettools.csdevkit-3.40.210-darwin-x64/components/CPS/platforms/darwin-x64/node_modules/@microsoft/visualstudio-projectsystem-server.darwin-x64/Microsoft.VisualStudio.ProjectSystem.Server.Implementation.dll' from '/Users/MAC/.vscode/extensions/ms-dotnettools.csdevkit-3.40.210-darwin-x64/components/CPS/platforms/darwin-x64/node_modules/@microsoft/visualstudio-projectsystem-server.darwin-x64'
09/28/2026 21:10:41 hora estándar de Brasilia : Information : Starting service module 'Microsoft.VisualStudio.ProjectSystem.ProjectTreeProvider'. Class: Microsoft.VisualStudio.ProjectSystem.Server.ProjectTreeProviderFactory, Supported Version: 
09/28/2026 21:10:41 hora estándar de Brasilia : Information : Started service 'Microsoft.VisualStudio.ProjectSystem.ProjectTreeProvider'. Pipe name: /Users/MAC/.ServiceHub/528ed158d3/f2435f09ac, Supported Version: 
09/28/2026 21:10:41 hora estándar de Brasilia : Information : CLR host received start request for service 'Microsoft.VisualStudio.LaunchConfigurationService'
09/28/2026 21:10:41 hora estándar de Brasilia : Information : hubHostClr write: Content-Length: 80

{"jsonrpc":"2.0","id":5,"result":"/Users/MAC/.ServiceHub/528ed158d3/f2435f09ac"}
09/28/2026 21:10:41 hora estándar de Brasilia : Information : Loading service module assembly '/Users/MAC/.vscode/extensions/ms-dotnettools.csdevkit-3.40.210-darwin-x64/components/CPS/platforms/darwin-x64/node_modules/@microsoft/visualstudio-projectsystem-server.darwin-x64/Microsoft.VisualStudio.ProjectSystem.Server.Implementation.dll' from '/Users/MAC/.vscode/extensions/ms-dotnettools.csdevkit-3.40.210-darwin-x64/components/CPS/platforms/darwin-x64/node_modules/@microsoft/visualstudio-projectsystem-server.darwin-x64'
09/28/2026 21:10:41 hora estándar de Brasilia : Information : Starting service module 'Microsoft.VisualStudio.LaunchConfigurationService'. Class: Microsoft.VisualStudio.ProjectSystem.Server.LaunchConfigurationServiceFactory, Supported Version: 
09/28/2026 21:10:41 hora estándar de Brasilia : Information : Started service 'Microsoft.VisualStudio.LaunchConfigurationService'. Pipe name: /Users/MAC/.ServiceHub/528ed158d3/565153e3d2, Supported Version: 
09/28/2026 21:10:41 hora estándar de Brasilia : Information : hubHostClr write: Content-Length: 80

{"jsonrpc":"2.0","id":7,"result":"/Users/MAC/.ServiceHub/528ed158d3/565153e3d2"}
09/28/2026 21:10:41 hora estándar de Brasilia : Information : A new client connected to CLR service module 'Microsoft.VisualStudio.ProjectSystem.LanguageServiceLoadStatusService'
09/28/2026 21:10:41 hora estándar de Brasilia : Information : A new client connected to CLR service module 'Microsoft.VisualStudio.ProjectSystem.ProjectTreeProvider'
09/28/2026 21:10:41 hora estándar de Brasilia : Information : A new client connected to CLR service module 'Microsoft.VisualStudio.Debugger.HotReloadSessionNotificationService'
09/28/2026 21:10:41 hora estándar de Brasilia : Information : A new client connected to CLR service module 'Microsoft.VisualStudio.LaunchConfigurationService'
09/28/2026 21:10:41 hora estándar de Brasilia : Information : A new client connected to CLR service module 'Microsoft.VisualStudio.ProjectSystem.ProjectInitializationStatusService'
09/28/2026 21:10:41 hora estándar de Brasilia : Information : Found FactoryVersion=Version2 for service : Microsoft.VisualStudio.ProjectSystem.LanguageServiceLoadStatusService.
09/28/2026 21:10:41 hora estándar de Brasilia : Information : Service 'Microsoft.VisualStudio.ProjectSystem.LanguageServiceLoadStatusServiceFactory' implements IServiceHubServiceFactory. Creating factory instance and caching it.
09/28/2026 21:10:41 hora estándar de Brasilia : Information : Found FactoryVersion=Version2 for service : Microsoft.VisualStudio.LaunchConfigurationService.
09/28/2026 21:10:41 hora estándar de Brasilia : Information : Service 'Microsoft.VisualStudio.ProjectSystem.Server.LaunchConfigurationServiceFactory' implements IServiceHubServiceFactory. Creating factory instance and caching it.
09/28/2026 21:10:41 hora estándar de Brasilia : Information : Found FactoryVersion=Version2 for service : Microsoft.VisualStudio.Debugger.HotReloadSessionNotificationService.
09/28/2026 21:10:41 hora estándar de Brasilia : Information : Service 'Microsoft.VisualStudio.HotReload.HotReloadSessionNotificationServiceFactory' implements IServiceHubServiceFactory. Creating factory instance and caching it.
09/28/2026 21:10:41 hora estándar de Brasilia : Information : Found FactoryVersion=Version2 for service : Microsoft.VisualStudio.ProjectSystem.ProjectTreeProvider.
09/28/2026 21:10:41 hora estándar de Brasilia : Information : Service 'Microsoft.VisualStudio.ProjectSystem.Server.ProjectTreeProviderFactory' implements IServiceHubServiceFactory. Creating factory instance and caching it.
09/28/2026 21:10:41 hora estándar de Brasilia : Information : hubHostClr write: Content-Length: 124

{"jsonrpc":"2.0","method":"HostServicesStartedAsync","params":["dotnet.projectSystem$C94B8CFE-E3FD-4BAF-A941-2866DBB566FE"]}
09/28/2026 21:10:41 hora estándar de Brasilia : Information : Found FactoryVersion=Version2 for service : Microsoft.VisualStudio.ProjectSystem.ProjectInitializationStatusService.
09/28/2026 21:10:41 hora estándar de Brasilia : Information : Service 'Microsoft.VisualStudio.ProjectSystem.Server.ProjectInitializationStatusServiceFactory' implements IServiceHubServiceFactory. Creating factory instance and caching it.
09/28/2026 21:10:41 hora estándar de Brasilia : Information : Creating service Microsoft.VisualStudio.HotReload.HotReloadSessionNotificationServiceFactory from factory with FactoryVersion=Version2 and ClientRequestedVersion=0.1.
09/28/2026 21:10:41 hora estándar de Brasilia : Information : Creating service Microsoft.VisualStudio.ProjectSystem.Server.ProjectTreeProviderFactory from factory with FactoryVersion=Version2 and ClientRequestedVersion=0.1.
09/28/2026 21:10:41 hora estándar de Brasilia : Information : Creating service Microsoft.VisualStudio.ProjectSystem.LanguageServiceLoadStatusServiceFactory from factory with FactoryVersion=Version2 and ClientRequestedVersion=0.1.
09/28/2026 21:10:41 hora estándar de Brasilia : Information : Creating service Microsoft.VisualStudio.ProjectSystem.Server.ProjectInitializationStatusServiceFactory from factory with FactoryVersion=Version2 and ClientRequestedVersion=0.1.
09/28/2026 21:10:41 hora estándar de Brasilia : Information : Creating service Microsoft.VisualStudio.ProjectSystem.Server.LaunchConfigurationServiceFactory from factory with FactoryVersion=Version2 and ClientRequestedVersion=.
09/28/2026 21:10:41 hora estándar de Brasilia : Information : hubHostClr read: Content-Length: 1027

{"jsonrpc":"2.0","id":8,"method":"StartServiceAsync","params":[{"name":"Microsoft.VisualStudio.ProjectSystem.ProjectActivationService","host":"dotnet.projectSystem","hostId":"C94B8CFE-E3FD-4BAF-A941-2866DBB566FE","serviceBaseDirectory":"/Users/MAC/.vscode/extensions/ms-dotnettools.csdevkit-3.40.210-darwin-x64/components/CPS/platforms/darwin-x64/node_modules/@microsoft/visualstudio-projectsystem-server.darwin-x64","entryPoint":{"assemblyPath":"/Users/MAC/.vscode/extensions/ms-dotnettools.csdevkit-3.40.210-darwin-x64/components/CPS/platforms/darwin-x64/node_modules/@microsoft/visualstudio-projectsystem-server.darwin-x64/Microsoft.VisualStudio.ProjectSystem.Server.Implementation.dll","fullClassName":"Microsoft.VisualStudio.ProjectSystem.Server.ProjectActivationServiceFactory"}},{"ActivationArguments":{"__servicehub__ServiceHubRemoteServiceBrokerPipeName":"/Users/MAC/.ServiceHub/528ed158d3/a8508218e3","__servicehub__RequestedServiceVersion":"0.1"},"ClientCredentials":{},"ClientCulture":"en","ClientUICulture":"en"}]}
09/28/2026 21:10:41 hora estándar de Brasilia : Information : CLR host received start request for service 'Microsoft.VisualStudio.ProjectSystem.ProjectActivationService'
09/28/2026 21:10:41 hora estándar de Brasilia : Information : Loading service module assembly '/Users/MAC/.vscode/extensions/ms-dotnettools.csdevkit-3.40.210-darwin-x64/components/CPS/platforms/darwin-x64/node_modules/@microsoft/visualstudio-projectsystem-server.darwin-x64/Microsoft.VisualStudio.ProjectSystem.Server.Implementation.dll' from '/Users/MAC/.vscode/extensions/ms-dotnettools.csdevkit-3.40.210-darwin-x64/components/CPS/platforms/darwin-x64/node_modules/@microsoft/visualstudio-projectsystem-server.darwin-x64'
09/28/2026 21:10:41 hora estándar de Brasilia : Information : Starting service module 'Microsoft.VisualStudio.ProjectSystem.ProjectActivationService'. Class: Microsoft.VisualStudio.ProjectSystem.Server.ProjectActivationServiceFactory, Supported Version: 
09/28/2026 21:10:41 hora estándar de Brasilia : Information : Started service 'Microsoft.VisualStudio.ProjectSystem.ProjectActivationService'. Pipe name: /Users/MAC/.ServiceHub/528ed158d3/3dfcd30af5, Supported Version: 
09/28/2026 21:10:41 hora estándar de Brasilia : Information : hubHostClr write: Content-Length: 80

{"jsonrpc":"2.0","id":8,"result":"/Users/MAC/.ServiceHub/528ed158d3/3dfcd30af5"}
09/28/2026 21:10:41 hora estándar de Brasilia : Information : Setting up RPC connection for service 'Microsoft.VisualStudio.ProjectSystem.LanguageServiceLoadStatusServiceFactory' from factory
09/28/2026 21:10:41 hora estándar de Brasilia : Information : Setting up RPC connection for service 'Microsoft.VisualStudio.HotReload.HotReloadSessionNotificationServiceFactory' from factory
09/28/2026 21:10:41 hora estándar de Brasilia : Information : A new client connected to CLR service module 'Microsoft.VisualStudio.ProjectSystem.ProjectActivationService'
09/28/2026 21:10:41 hora estándar de Brasilia : Information : Setting up RPC connection for service 'Microsoft.VisualStudio.ProjectSystem.Server.ProjectInitializationStatusServiceFactory' from factory
09/28/2026 21:10:41 hora estándar de Brasilia : Information : Found FactoryVersion=Version2 for service : Microsoft.VisualStudio.ProjectSystem.ProjectActivationService.
09/28/2026 21:10:41 hora estándar de Brasilia : Information : Service 'Microsoft.VisualStudio.ProjectSystem.Server.ProjectActivationServiceFactory' implements IServiceHubServiceFactory. Creating factory instance and caching it.
09/28/2026 21:10:41 hora estándar de Brasilia : Information : Setting up RPC connection for service 'Microsoft.VisualStudio.ProjectSystem.Server.LaunchConfigurationServiceFactory' from factory
09/28/2026 21:10:41 hora estándar de Brasilia : Information : Setting up RPC connection for service 'Microsoft.VisualStudio.ProjectSystem.Server.ProjectTreeProviderFactory' from factory
09/28/2026 21:10:41 hora estándar de Brasilia : Information : Creating service Microsoft.VisualStudio.ProjectSystem.Server.ProjectActivationServiceFactory from factory with FactoryVersion=Version2 and ClientRequestedVersion=0.1.
09/28/2026 21:10:41 hora estándar de Brasilia : Information : Setting up RPC connection for service 'Microsoft.VisualStudio.ProjectSystem.Server.ProjectActivationServiceFactory' from factory
09/28/2026 21:10:41 hora estándar de Brasilia : Information : hubHostClr read: Content-Length: 1015

{"jsonrpc":"2.0","id":9,"method":"StartServiceAsync","params":[{"name":"Microsoft.VisualStudio.ProjectSystem.CompositionService","host":"dotnet.projectSystem","hostId":"C94B8CFE-E3FD-4BAF-A941-2866DBB566FE","serviceBaseDirectory":"/Users/MAC/.vscode/extensions/ms-dotnettools.csdevkit-3.40.210-darwin-x64/components/CPS/platforms/darwin-x64/node_modules/@microsoft/visualstudio-projectsystem-server.darwin-x64","entryPoint":{"assemblyPath":"/Users/MAC/.vscode/extensions/ms-dotnettools.csdevkit-3.40.210-darwin-x64/components/CPS/platforms/darwin-x64/node_modules/@microsoft/visualstudio-projectsystem-server.darwin-x64/Microsoft.VisualStudio.ProjectSystem.Server.Implementation.dll","fullClassName":"Microsoft.VisualStudio.ProjectSystem.Server.CompositionServiceFactory"}},{"ActivationArguments":{"__servicehub__ServiceHubRemoteServiceBrokerPipeName":"/Users/MAC/.ServiceHub/528ed158d3/8a5d71e3d1","__servicehub__RequestedServiceVersion":"0.1"},"ClientCredentials":{},"ClientCulture":"en","ClientUICulture":"en"}]}
09/28/2026 21:10:41 hora estándar de Brasilia : Information : CLR host received start request for service 'Microsoft.VisualStudio.ProjectSystem.CompositionService'
09/28/2026 21:10:41 hora estándar de Brasilia : Information : Loading service module assembly '/Users/MAC/.vscode/extensions/ms-dotnettools.csdevkit-3.40.210-darwin-x64/components/CPS/platforms/darwin-x64/node_modules/@microsoft/visualstudio-projectsystem-server.darwin-x64/Microsoft.VisualStudio.ProjectSystem.Server.Implementation.dll' from '/Users/MAC/.vscode/extensions/ms-dotnettools.csdevkit-3.40.210-darwin-x64/components/CPS/platforms/darwin-x64/node_modules/@microsoft/visualstudio-projectsystem-server.darwin-x64'
09/28/2026 21:10:41 hora estándar de Brasilia : Information : Starting service module 'Microsoft.VisualStudio.ProjectSystem.CompositionService'. Class: Microsoft.VisualStudio.ProjectSystem.Server.CompositionServiceFactory, Supported Version: 
09/28/2026 21:10:41 hora estándar de Brasilia : Information : Started service 'Microsoft.VisualStudio.ProjectSystem.CompositionService'. Pipe name: /Users/MAC/.ServiceHub/528ed158d3/24da601881, Supported Version: 
09/28/2026 21:10:41 hora estándar de Brasilia : Information : hubHostClr write: Content-Length: 80

{"jsonrpc":"2.0","id":9,"result":"/Users/MAC/.ServiceHub/528ed158d3/24da601881"}
09/28/2026 21:10:41 hora estándar de Brasilia : Information : A new client connected to CLR service module 'Microsoft.VisualStudio.ProjectSystem.CompositionService'
09/28/2026 21:10:41 hora estándar de Brasilia : Information : Found FactoryVersion=Version2 for service : Microsoft.VisualStudio.ProjectSystem.CompositionService.
09/28/2026 21:10:41 hora estándar de Brasilia : Information : Service 'Microsoft.VisualStudio.ProjectSystem.Server.CompositionServiceFactory' implements IServiceHubServiceFactory. Creating factory instance and caching it.
09/28/2026 21:10:41 hora estándar de Brasilia : Information : Creating service Microsoft.VisualStudio.ProjectSystem.Server.CompositionServiceFactory from factory with FactoryVersion=Version2 and ClientRequestedVersion=0.1.
09/28/2026 21:10:41 hora estándar de Brasilia : Information : Setting up RPC connection for service 'Microsoft.VisualStudio.ProjectSystem.Server.CompositionServiceFactory' from factory
09/28/2026 21:10:42 hora estándar de Brasilia : Information : Completed RPC connection setup for service 'Microsoft.VisualStudio.ProjectSystem.Server.CompositionServiceFactory' from factory
09/28/2026 21:10:42 hora estándar de Brasilia : Information : Completed RPC connection setup for service 'Microsoft.VisualStudio.ProjectSystem.Server.LaunchConfigurationServiceFactory' from factory
09/28/2026 21:10:42 hora estándar de Brasilia : Information : Completed RPC connection setup for service 'Microsoft.VisualStudio.ProjectSystem.Server.ProjectInitializationStatusServiceFactory' from factory
09/28/2026 21:10:42 hora estándar de Brasilia : Information : Completed RPC connection setup for service 'Microsoft.VisualStudio.ProjectSystem.Server.ProjectTreeProviderFactory' from factory
09/28/2026 21:10:42 hora estándar de Brasilia : Information : Completed RPC connection setup for service 'Microsoft.VisualStudio.ProjectSystem.Server.ProjectActivationServiceFactory' from factory
09/28/2026 21:10:42 hora estándar de Brasilia : Information : hubHostClr read: Content-Length: 1037

{"jsonrpc":"2.0","id":10,"method":"StartServiceAsync","params":[{"name":"Microsoft.VisualStudio.ProjectSystem.Query.Remoting.QueryExecutionService","host":"dotnet.projectSystem","hostId":"C94B8CFE-E3FD-4BAF-A941-2866DBB566FE","serviceBaseDirectory":"/Users/MAC/.vscode/extensions/ms-dotnettools.csdevkit-3.40.210-darwin-x64/components/CPS/platforms/darwin-x64/node_modules/@microsoft/visualstudio-projectsystem-server.darwin-x64","entryPoint":{"assemblyPath":"/Users/MAC/.vscode/extensions/ms-dotnettools.csdevkit-3.40.210-darwin-x64/components/CPS/platforms/darwin-x64/node_modules/@microsoft/visualstudio-projectsystem-server.darwin-x64/Microsoft.VisualStudio.ProjectSystem.Server.Implementation.dll","fullClassName":"Microsoft.VisualStudio.ProjectSystem.Server.QueryExecutionServiceFactory"}},{"ActivationArguments":{"__servicehub__ServiceHubRemoteServiceBrokerPipeName":"/Users/MAC/.ServiceHub/528ed158d3/f362c612c0","__servicehub__RequestedServiceVersion":"0.3"},"ClientCredentials":{},"ClientCulture":"en","ClientUICulture":"en"}]}
09/28/2026 21:10:42 hora estándar de Brasilia : Information : CLR host received start request for service 'Microsoft.VisualStudio.ProjectSystem.Query.Remoting.QueryExecutionService'
09/28/2026 21:10:42 hora estándar de Brasilia : Information : Loading service module assembly '/Users/MAC/.vscode/extensions/ms-dotnettools.csdevkit-3.40.210-darwin-x64/components/CPS/platforms/darwin-x64/node_modules/@microsoft/visualstudio-projectsystem-server.darwin-x64/Microsoft.VisualStudio.ProjectSystem.Server.Implementation.dll' from '/Users/MAC/.vscode/extensions/ms-dotnettools.csdevkit-3.40.210-darwin-x64/components/CPS/platforms/darwin-x64/node_modules/@microsoft/visualstudio-projectsystem-server.darwin-x64'
09/28/2026 21:10:42 hora estándar de Brasilia : Information : Starting service module 'Microsoft.VisualStudio.ProjectSystem.Query.Remoting.QueryExecutionService'. Class: Microsoft.VisualStudio.ProjectSystem.Server.QueryExecutionServiceFactory, Supported Version: 
09/28/2026 21:10:42 hora estándar de Brasilia : Information : Started service 'Microsoft.VisualStudio.ProjectSystem.Query.Remoting.QueryExecutionService'. Pipe name: /Users/MAC/.ServiceHub/528ed158d3/bc31ae1604, Supported Version: 
09/28/2026 21:10:42 hora estándar de Brasilia : Information : hubHostClr write: Content-Length: 81

{"jsonrpc":"2.0","id":10,"result":"/Users/MAC/.ServiceHub/528ed158d3/bc31ae1604"}
09/28/2026 21:10:42 hora estándar de Brasilia : Information : A new client connected to CLR service module 'Microsoft.VisualStudio.ProjectSystem.Query.Remoting.QueryExecutionService'
09/28/2026 21:10:42 hora estándar de Brasilia : Information : Found FactoryVersion=Version2 for service : Microsoft.VisualStudio.ProjectSystem.Query.Remoting.QueryExecutionService.
09/28/2026 21:10:42 hora estándar de Brasilia : Information : Service 'Microsoft.VisualStudio.ProjectSystem.Server.QueryExecutionServiceFactory' implements IServiceHubServiceFactory. Creating factory instance and caching it.
09/28/2026 21:10:42 hora estándar de Brasilia : Information : Creating service Microsoft.VisualStudio.ProjectSystem.Server.QueryExecutionServiceFactory from factory with FactoryVersion=Version2 and ClientRequestedVersion=0.3.
09/28/2026 21:10:42 hora estándar de Brasilia : Information : Setting up RPC connection for service 'Microsoft.VisualStudio.ProjectSystem.Server.QueryExecutionServiceFactory' from factory
09/28/2026 21:10:42 hora estándar de Brasilia : Information : Completed RPC connection setup for service 'Microsoft.VisualStudio.ProjectSystem.Server.QueryExecutionServiceFactory' from factory
09/28/2026 21:26:52 hora estándar de Brasilia : Information : hubHostClr read: Content-Length: 972

{"jsonrpc":"2.0","id":11,"method":"StartServiceAsync","params":[{"name":"Microsoft.VisualStudio.LaunchConfigurationService","host":"dotnet.projectSystem","hostId":"C94B8CFE-E3FD-4BAF-A941-2866DBB566FE","serviceBaseDirectory":"/Users/MAC/.vscode/extensions/ms-dotnettools.csdevkit-3.40.210-darwin-x64/components/CPS/platforms/darwin-x64/node_modules/@microsoft/visualstudio-projectsystem-server.darwin-x64","entryPoint":{"assemblyPath":"/Users/MAC/.vscode/extensions/ms-dotnettools.csdevkit-3.40.210-darwin-x64/components/CPS/platforms/darwin-x64/node_modules/@microsoft/visualstudio-projectsystem-server.darwin-x64/Microsoft.VisualStudio.ProjectSystem.Server.Implementation.dll","fullClassName":"Microsoft.VisualStudio.ProjectSystem.Server.LaunchConfigurationServiceFactory"}},{"ActivationArguments":{"__servicehub__ServiceHubRemoteServiceBrokerPipeName":"/Users/MAC/.ServiceHub/528ed158d3/12b7a8754b"},"ClientCredentials":{},"ClientCulture":"en","ClientUICulture":"en"}]}
09/28/2026 21:26:52 hora estándar de Brasilia : Information : CLR host received start request for service 'Microsoft.VisualStudio.LaunchConfigurationService'
09/28/2026 21:26:52 hora estándar de Brasilia : Information : Loading service module assembly '/Users/MAC/.vscode/extensions/ms-dotnettools.csdevkit-3.40.210-darwin-x64/components/CPS/platforms/darwin-x64/node_modules/@microsoft/visualstudio-projectsystem-server.darwin-x64/Microsoft.VisualStudio.ProjectSystem.Server.Implementation.dll' from '/Users/MAC/.vscode/extensions/ms-dotnettools.csdevkit-3.40.210-darwin-x64/components/CPS/platforms/darwin-x64/node_modules/@microsoft/visualstudio-projectsystem-server.darwin-x64'
09/28/2026 21:26:52 hora estándar de Brasilia : Information : Starting service module 'Microsoft.VisualStudio.LaunchConfigurationService'. Class: Microsoft.VisualStudio.ProjectSystem.Server.LaunchConfigurationServiceFactory, Supported Version: 
09/28/2026 21:26:52 hora estándar de Brasilia : Information : Started service 'Microsoft.VisualStudio.LaunchConfigurationService'. Pipe name: /Users/MAC/.ServiceHub/528ed158d3/f4f470ad9e, Supported Version: 
09/28/2026 21:26:52 hora estándar de Brasilia : Information : hubHostClr write: Content-Length: 81

{"jsonrpc":"2.0","id":11,"result":"/Users/MAC/.ServiceHub/528ed158d3/f4f470ad9e"}
09/28/2026 21:26:52 hora estándar de Brasilia : Information : A new client connected to CLR service module 'Microsoft.VisualStudio.LaunchConfigurationService'
09/28/2026 21:26:52 hora estándar de Brasilia : Information : Found IServiceHubServiceFactory in cache. Creating instance from the factory.
09/28/2026 21:26:52 hora estándar de Brasilia : Information : Creating service Microsoft.VisualStudio.ProjectSystem.Server.LaunchConfigurationServiceFactory from factory with FactoryVersion=Version2 and ClientRequestedVersion=.
09/28/2026 21:26:52 hora estándar de Brasilia : Information : Setting up RPC connection for service 'Microsoft.VisualStudio.ProjectSystem.Server.LaunchConfigurationServiceFactory' from factory
09/28/2026 21:26:52 hora estándar de Brasilia : Information : Completed RPC connection setup for service 'Microsoft.VisualStudio.ProjectSystem.Server.LaunchConfigurationServiceFactory' from factory
09/28/2026 21:26:54 hora estándar de Brasilia : Information : hubHostClr read: Content-Length: 972

{"jsonrpc":"2.0","id":12,"method":"StartServiceAsync","params":[{"name":"Microsoft.VisualStudio.LaunchConfigurationService","host":"dotnet.projectSystem","hostId":"C94B8CFE-E3FD-4BAF-A941-2866DBB566FE","serviceBaseDirectory":"/Users/MAC/.vscode/extensions/ms-dotnettools.csdevkit-3.40.210-darwin-x64/components/CPS/platforms/darwin-x64/node_modules/@microsoft/visualstudio-projectsystem-server.darwin-x64","entryPoint":{"assemblyPath":"/Users/MAC/.vscode/extensions/ms-dotnettools.csdevkit-3.40.210-darwin-x64/components/CPS/platforms/darwin-x64/node_modules/@microsoft/visualstudio-projectsystem-server.darwin-x64/Microsoft.VisualStudio.ProjectSystem.Server.Implementation.dll","fullClassName":"Microsoft.VisualStudio.ProjectSystem.Server.LaunchConfigurationServiceFactory"}},{"ActivationArguments":{"__servicehub__ServiceHubRemoteServiceBrokerPipeName":"/Users/MAC/.ServiceHub/528ed158d3/99be1cf015"},"ClientCredentials":{},"ClientCulture":"en","ClientUICulture":"en"}]}
09/28/2026 21:26:54 hora estándar de Brasilia : Information : CLR host received start request for service 'Microsoft.VisualStudio.LaunchConfigurationService'
09/28/2026 21:26:54 hora estándar de Brasilia : Information : Loading service module assembly '/Users/MAC/.vscode/extensions/ms-dotnettools.csdevkit-3.40.210-darwin-x64/components/CPS/platforms/darwin-x64/node_modules/@microsoft/visualstudio-projectsystem-server.darwin-x64/Microsoft.VisualStudio.ProjectSystem.Server.Implementation.dll' from '/Users/MAC/.vscode/extensions/ms-dotnettools.csdevkit-3.40.210-darwin-x64/components/CPS/platforms/darwin-x64/node_modules/@microsoft/visualstudio-projectsystem-server.darwin-x64'
09/28/2026 21:26:54 hora estándar de Brasilia : Information : Starting service module 'Microsoft.VisualStudio.LaunchConfigurationService'. Class: Microsoft.VisualStudio.ProjectSystem.Server.LaunchConfigurationServiceFactory, Supported Version: 
09/28/2026 21:26:54 hora estándar de Brasilia : Information : Started service 'Microsoft.VisualStudio.LaunchConfigurationService'. Pipe name: /Users/MAC/.ServiceHub/528ed158d3/29a6e25793, Supported Version: 
09/28/2026 21:26:54 hora estándar de Brasilia : Information : hubHostClr write: Content-Length: 81

{"jsonrpc":"2.0","id":12,"result":"/Users/MAC/.ServiceHub/528ed158d3/29a6e25793"}
09/28/2026 21:26:54 hora estándar de Brasilia : Information : A new client connected to CLR service module 'Microsoft.VisualStudio.LaunchConfigurationService'
09/28/2026 21:26:54 hora estándar de Brasilia : Information : Found IServiceHubServiceFactory in cache. Creating instance from the factory.
09/28/2026 21:26:54 hora estándar de Brasilia : Information : Creating service Microsoft.VisualStudio.ProjectSystem.Server.LaunchConfigurationServiceFactory from factory with FactoryVersion=Version2 and ClientRequestedVersion=.
09/28/2026 21:26:54 hora estándar de Brasilia : Information : Setting up RPC connection for service 'Microsoft.VisualStudio.ProjectSystem.Server.LaunchConfigurationServiceFactory' from factory
09/28/2026 21:26:54 hora estándar de Brasilia : Information : Completed RPC connection setup for service 'Microsoft.VisualStudio.ProjectSystem.Server.LaunchConfigurationServiceFactory' from factory
09/28/2026 21:26:54 hora estándar de Brasilia : Information : hubHostClr read: Content-Length: 1037

{"jsonrpc":"2.0","id":13,"method":"StartServiceAsync","params":[{"name":"Microsoft.VisualStudio.ProjectSystem.Query.Remoting.QueryExecutionService","host":"dotnet.projectSystem","hostId":"C94B8CFE-E3FD-4BAF-A941-2866DBB566FE","serviceBaseDirectory":"/Users/MAC/.vscode/extensions/ms-dotnettools.csdevkit-3.40.210-darwin-x64/components/CPS/platforms/darwin-x64/node_modules/@microsoft/visualstudio-projectsystem-server.darwin-x64","entryPoint":{"assemblyPath":"/Users/MAC/.vscode/extensions/ms-dotnettools.csdevkit-3.40.210-darwin-x64/components/CPS/platforms/darwin-x64/node_modules/@microsoft/visualstudio-projectsystem-server.darwin-x64/Microsoft.VisualStudio.ProjectSystem.Server.Implementation.dll","fullClassName":"Microsoft.VisualStudio.ProjectSystem.Server.QueryExecutionServiceFactory"}},{"ActivationArguments":{"__servicehub__ServiceHubRemoteServiceBrokerPipeName":"/Users/MAC/.ServiceHub/528ed158d3/01675107c9","__servicehub__RequestedServiceVersion":"0.3"},"ClientCredentials":{},"ClientCulture":"en","ClientUICulture":"en"}]}
09/28/2026 21:26:54 hora estándar de Brasilia : Information : CLR host received start request for service 'Microsoft.VisualStudio.ProjectSystem.Query.Remoting.QueryExecutionService'
09/28/2026 21:26:54 hora estándar de Brasilia : Information : Loading service module assembly '/Users/MAC/.vscode/extensions/ms-dotnettools.csdevkit-3.40.210-darwin-x64/components/CPS/platforms/darwin-x64/node_modules/@microsoft/visualstudio-projectsystem-server.darwin-x64/Microsoft.VisualStudio.ProjectSystem.Server.Implementation.dll' from '/Users/MAC/.vscode/extensions/ms-dotnettools.csdevkit-3.40.210-darwin-x64/components/CPS/platforms/darwin-x64/node_modules/@microsoft/visualstudio-projectsystem-server.darwin-x64'
09/28/2026 21:26:54 hora estándar de Brasilia : Information : Starting service module 'Microsoft.VisualStudio.ProjectSystem.Query.Remoting.QueryExecutionService'. Class: Microsoft.VisualStudio.ProjectSystem.Server.QueryExecutionServiceFactory, Supported Version: 
09/28/2026 21:26:54 hora estándar de Brasilia : Information : Started service 'Microsoft.VisualStudio.ProjectSystem.Query.Remoting.QueryExecutionService'. Pipe name: /Users/MAC/.ServiceHub/528ed158d3/275f58abc0, Supported Version: 
09/28/2026 21:26:54 hora estándar de Brasilia : Information : hubHostClr write: Content-Length: 81

{"jsonrpc":"2.0","id":13,"result":"/Users/MAC/.ServiceHub/528ed158d3/275f58abc0"}
09/28/2026 21:26:54 hora estándar de Brasilia : Information : A new client connected to CLR service module 'Microsoft.VisualStudio.ProjectSystem.Query.Remoting.QueryExecutionService'
09/28/2026 21:26:54 hora estándar de Brasilia : Information : Found IServiceHubServiceFactory in cache. Creating instance from the factory.
09/28/2026 21:26:54 hora estándar de Brasilia : Information : Creating service Microsoft.VisualStudio.ProjectSystem.Server.QueryExecutionServiceFactory from factory with FactoryVersion=Version2 and ClientRequestedVersion=0.3.
09/28/2026 21:26:54 hora estándar de Brasilia : Information : Setting up RPC connection for service 'Microsoft.VisualStudio.ProjectSystem.Server.QueryExecutionServiceFactory' from factory
09/28/2026 21:26:54 hora estándar de Brasilia : Information : Completed RPC connection setup for service 'Microsoft.VisualStudio.ProjectSystem.Server.QueryExecutionServiceFactory' from factory
09/28/2026 21:29:35 hora estándar de Brasilia : Information : Checking if 'Microsoft.VisualStudio.ProjectSystem.Server.ProjectTreeProviderFactory' implements Microsoft.VisualStudio.Threading.IAsyncDisposable.
09/28/2026 21:29:35 hora estándar de Brasilia : Information : Checking if 'Microsoft.VisualStudio.ProjectSystem.Server.ProjectActivationServiceFactory' implements Microsoft.VisualStudio.Threading.IAsyncDisposable.
09/28/2026 21:29:35 hora estándar de Brasilia : Information : Checking if 'Microsoft.VisualStudio.ProjectSystem.Server.ProjectActivationServiceFactory' implements System.IAsyncDisposable.
09/28/2026 21:29:35 hora estándar de Brasilia : Information : Checking if 'Microsoft.VisualStudio.ProjectSystem.Server.ProjectActivationServiceFactory' implements System.IDisposable.
09/28/2026 21:29:35 hora estándar de Brasilia : Information : Checking if 'Microsoft.VisualStudio.ProjectSystem.Server.ProjectTreeProviderFactory' implements System.IAsyncDisposable.
09/28/2026 21:29:35 hora estándar de Brasilia : Information : Checking if 'Microsoft.VisualStudio.ProjectSystem.Server.ProjectTreeProviderFactory' implements System.IDisposable.
09/28/2026 21:29:35 hora estándar de Brasilia : Information : Checking if 'Microsoft.VisualStudio.ProjectSystem.Server.ProjectInitializationStatusServiceFactory' implements Microsoft.VisualStudio.Threading.IAsyncDisposable.
09/28/2026 21:29:35 hora estándar de Brasilia : Information : Checking if 'Microsoft.VisualStudio.ProjectSystem.Server.ProjectInitializationStatusServiceFactory' implements System.IAsyncDisposable.
09/28/2026 21:29:35 hora estándar de Brasilia : Information : Checking if 'Microsoft.VisualStudio.ProjectSystem.Server.ProjectInitializationStatusServiceFactory' implements System.IDisposable.
09/28/2026 21:29:35 hora estándar de Brasilia : Information : Checking if 'Microsoft.VisualStudio.ProjectSystem.Server.LaunchConfigurationServiceFactory' implements Microsoft.VisualStudio.Threading.IAsyncDisposable.
09/28/2026 21:29:35 hora estándar de Brasilia : Information : Checking if 'Microsoft.VisualStudio.ProjectSystem.Server.LaunchConfigurationServiceFactory' implements System.IAsyncDisposable.
09/28/2026 21:29:35 hora estándar de Brasilia : Information : Checking if 'Microsoft.VisualStudio.ProjectSystem.Server.LaunchConfigurationServiceFactory' implements System.IDisposable.
09/28/2026 21:29:35 hora estándar de Brasilia : Information : Checking if 'Microsoft.VisualStudio.ProjectSystem.Server.QueryExecutionServiceFactory' implements Microsoft.VisualStudio.Threading.IAsyncDisposable.
09/28/2026 21:29:35 hora estándar de Brasilia : Information : Checking if 'Microsoft.VisualStudio.ProjectSystem.Server.QueryExecutionServiceFactory' implements System.IAsyncDisposable.
09/28/2026 21:29:35 hora estándar de Brasilia : Information : Checking if 'Microsoft.VisualStudio.ProjectSystem.Server.QueryExecutionServiceFactory' implements System.IDisposable.
09/28/2026 21:29:35 hora estándar de Brasilia : Information : hubHostClr read: Content-Length: 58

{"jsonrpc":"2.0","id":14,"method":"ExitAsync","params":[]}
09/28/2026 21:29:35 hora estándar de Brasilia : Information : Exit command received. Exiting CLR host
09/28/2026 21:29:35 hora estándar de Brasilia : Information : hubHostClr write: Content-Length: 39

{"jsonrpc":"2.0","id":14,"result":null}
09/28/2026 21:29:35 hora estándar de Brasilia : Information : hubHostClr JSON RPC has been disposed
09/28/2026 21:29:35 hora estándar de Brasilia : Information : hubHostClr read: end of stream
09/28/2026 21:29:35 hora estándar de Brasilia : Information : Checking if 'Microsoft.VisualStudio.ProjectSystem.Server.CompositionServiceFactory' implements Microsoft.VisualStudio.Threading.IAsyncDisposable.
09/28/2026 21:29:35 hora estándar de Brasilia : Information : Checking if 'Microsoft.VisualStudio.ProjectSystem.Server.CompositionServiceFactory' implements System.IAsyncDisposable.
09/28/2026 21:29:35 hora estándar de Brasilia : Information : Checking if 'Microsoft.VisualStudio.ProjectSystem.Server.CompositionServiceFactory' implements System.IDisposable.
09/28/2026 21:29:35 hora estándar de Brasilia : Information : Checking if 'Microsoft.VisualStudio.ProjectSystem.LanguageServiceLoadStatusServiceFactory' implements Microsoft.VisualStudio.Threading.IAsyncDisposable.
09/28/2026 21:29:35 hora estándar de Brasilia : Information : Checking if 'Microsoft.VisualStudio.HotReload.HotReloadSessionNotificationServiceFactory' implements Microsoft.VisualStudio.Threading.IAsyncDisposable.
09/28/2026 21:29:35 hora estándar de Brasilia : Information : Checking if 'Microsoft.VisualStudio.ProjectSystem.LanguageServiceLoadStatusServiceFactory' implements System.IAsyncDisposable.
09/28/2026 21:29:35 hora estándar de Brasilia : Information : Checking if 'Microsoft.VisualStudio.ProjectSystem.LanguageServiceLoadStatusServiceFactory' implements System.IDisposable.
09/28/2026 21:29:35 hora estándar de Brasilia : Information : Checking if 'Microsoft.VisualStudio.HotReload.HotReloadSessionNotificationServiceFactory' implements System.IAsyncDisposable.
09/28/2026 21:29:35 hora estándar de Brasilia : Information : Checking if 'Microsoft.VisualStudio.HotReload.HotReloadSessionNotificationServiceFactory' implements System.IDisposable.
