09/28/2026 21:10:40 hora estándar de Brasilia : Information : Local timezone is (UTC-03:00) hora estándar de Brasilia (São Paulo)
09/28/2026 21:10:41 hora estándar de Brasilia : Information : Service Hub .NET service module host started. Host id: dotnet$C94B8CFE-E3FD-4BAF-A941-2866DBB566FE. Controller pipe: net.pipe://12076CBE78. PID: 12090
09/28/2026 21:10:41 hora estándar de Brasilia : Information : hubHostClr read: Content-Length: 116

{"jsonrpc":"2.0","id":2,"method":"InitializeHostAsync","params":[{"HostsRootDirectory":".","AppConfigFallback":""}]}
09/28/2026 21:10:41 hora estándar de Brasilia : Information : hubHostClr write: Content-Length: 79

{"jsonrpc":"2.0","id":2,"result":"dotnet$C94B8CFE-E3FD-4BAF-A941-2866DBB566FE"}
09/28/2026 21:10:41 hora estándar de Brasilia : Information : hubHostClr read: Content-Length: 1023

{"jsonrpc":"2.0","id":3,"method":"StartServiceAsync","params":[{"name":"Microsoft.VisualStudio.CsDKTestWindow.Service","host":"dotnet","hostId":"C94B8CFE-E3FD-4BAF-A941-2866DBB566FE","serviceBaseDirectory":"/Users/MAC/.vscode/extensions/ms-dotnettools.csdevkit-3.40.210-darwin-x64/components/vs-green-server/platforms/darwin-x64/node_modules/@microsoft/visualstudio-testwindow-vscode-service.darwin-x64","entryPoint":{"assemblyPath":"/Users/MAC/.vscode/extensions/ms-dotnettools.csdevkit-3.40.210-darwin-x64/components/vs-green-server/platforms/darwin-x64/node_modules/@microsoft/visualstudio-testwindow-vscode-service.darwin-x64/Microsoft.VisualStudio.TestWindow.VSCode.Service.dll","fullClassName":"Microsoft.VisualStudio.TestWindow.VSCode.Service.CsDKTestWindowServiceFactory"}},{"ActivationArguments":{"__servicehub__ServiceHubRemoteServiceBrokerPipeName":"/Users/MAC/.ServiceHub/528ed158d3/d32da63419","__servicehub__RequestedServiceVersion":"0.1"},"ClientCredentials":{},"ClientCulture":"en","ClientUICulture":"en"}]}
09/28/2026 21:10:41 hora estándar de Brasilia : Information : CLR host received start request for service 'Microsoft.VisualStudio.CsDKTestWindow.Service'
09/28/2026 21:10:41 hora estándar de Brasilia : Information : Loading service module assembly '/Users/MAC/.vscode/extensions/ms-dotnettools.csdevkit-3.40.210-darwin-x64/components/vs-green-server/platforms/darwin-x64/node_modules/@microsoft/visualstudio-testwindow-vscode-service.darwin-x64/Microsoft.VisualStudio.TestWindow.VSCode.Service.dll' from '/Users/MAC/.vscode/extensions/ms-dotnettools.csdevkit-3.40.210-darwin-x64/components/vs-green-server/platforms/darwin-x64/node_modules/@microsoft/visualstudio-testwindow-vscode-service.darwin-x64'
09/28/2026 21:10:41 hora estándar de Brasilia : Information : Starting service module 'Microsoft.VisualStudio.CsDKTestWindow.Service'. Class: Microsoft.VisualStudio.TestWindow.VSCode.Service.CsDKTestWindowServiceFactory, Supported Version: 
09/28/2026 21:10:41 hora estándar de Brasilia : Information : Started service 'Microsoft.VisualStudio.CsDKTestWindow.Service'. Pipe name: /Users/MAC/.ServiceHub/528ed158d3/e44bb2e66d, Supported Version: 
09/28/2026 21:10:41 hora estándar de Brasilia : Information : hubHostClr write: Content-Length: 80

{"jsonrpc":"2.0","id":3,"result":"/Users/MAC/.ServiceHub/528ed158d3/e44bb2e66d"}
09/28/2026 21:10:41 hora estándar de Brasilia : Information : A new client connected to CLR service module 'Microsoft.VisualStudio.CsDKTestWindow.Service'
09/28/2026 21:10:41 hora estándar de Brasilia : Information : hubHostClr write: Content-Length: 110

{"jsonrpc":"2.0","method":"HostServicesStartedAsync","params":["dotnet$C94B8CFE-E3FD-4BAF-A941-2866DBB566FE"]}
09/28/2026 21:10:41 hora estándar de Brasilia : Information : Found FactoryVersion=Version2 for service : Microsoft.VisualStudio.CsDKTestWindow.Service.
09/28/2026 21:10:41 hora estándar de Brasilia : Information : Service 'Microsoft.VisualStudio.TestWindow.VSCode.Service.CsDKTestWindowServiceFactory' implements IServiceHubServiceFactory. Creating factory instance and caching it.
09/28/2026 21:10:41 hora estándar de Brasilia : Information : Creating service Microsoft.VisualStudio.TestWindow.VSCode.Service.CsDKTestWindowServiceFactory from factory with FactoryVersion=Version2 and ClientRequestedVersion=0.1.
09/28/2026 21:10:41 hora estándar de Brasilia : Information : Setting up RPC connection for service 'Microsoft.VisualStudio.TestWindow.VSCode.Service.CsDKTestWindowServiceFactory' from factory
09/28/2026 21:10:41 hora estándar de Brasilia : Information : Completed RPC connection setup for service 'Microsoft.VisualStudio.TestWindow.VSCode.Service.CsDKTestWindowServiceFactory' from factory
09/28/2026 21:10:42 hora estándar de Brasilia : Information : hubHostClr read: Content-Length: 1077

{"jsonrpc":"2.0","id":4,"method":"StartServiceAsync","params":[{"name":"Microsoft.VisualStudio.TestWindow.VSCode.ProjectSystemProvider.Service","host":"dotnet","hostId":"C94B8CFE-E3FD-4BAF-A941-2866DBB566FE","serviceBaseDirectory":"/Users/MAC/.vscode/extensions/ms-dotnettools.csdevkit-3.40.210-darwin-x64/components/vs-green-server/platforms/darwin-x64/node_modules/@microsoft/visualstudio-testwindow-vscode-service.darwin-x64","entryPoint":{"assemblyPath":"/Users/MAC/.vscode/extensions/ms-dotnettools.csdevkit-3.40.210-darwin-x64/components/vs-green-server/platforms/darwin-x64/node_modules/@microsoft/visualstudio-testwindow-vscode-service.darwin-x64/Microsoft.VisualStudio.TestWindow.VSCode.Service.dll","fullClassName":"Microsoft.VisualStudio.TestWindow.VSCode.ProjectSystemProvider.Service.ProjectSystemProviderServiceFactory"}},{"ActivationArguments":{"__servicehub__ServiceHubRemoteServiceBrokerPipeName":"/Users/MAC/.ServiceHub/528ed158d3/87e7894899","__servicehub__RequestedServiceVersion":"0.1"},"ClientCredentials":{},"ClientCulture":"en","ClientUICulture":"en"}]}
09/28/2026 21:10:42 hora estándar de Brasilia : Information : CLR host received start request for service 'Microsoft.VisualStudio.TestWindow.VSCode.ProjectSystemProvider.Service'
09/28/2026 21:10:42 hora estándar de Brasilia : Information : Loading service module assembly '/Users/MAC/.vscode/extensions/ms-dotnettools.csdevkit-3.40.210-darwin-x64/components/vs-green-server/platforms/darwin-x64/node_modules/@microsoft/visualstudio-testwindow-vscode-service.darwin-x64/Microsoft.VisualStudio.TestWindow.VSCode.Service.dll' from '/Users/MAC/.vscode/extensions/ms-dotnettools.csdevkit-3.40.210-darwin-x64/components/vs-green-server/platforms/darwin-x64/node_modules/@microsoft/visualstudio-testwindow-vscode-service.darwin-x64'
09/28/2026 21:10:42 hora estándar de Brasilia : Information : Starting service module 'Microsoft.VisualStudio.TestWindow.VSCode.ProjectSystemProvider.Service'. Class: Microsoft.VisualStudio.TestWindow.VSCode.ProjectSystemProvider.Service.ProjectSystemProviderServiceFactory, Supported Version: 
09/28/2026 21:10:42 hora estándar de Brasilia : Information : Started service 'Microsoft.VisualStudio.TestWindow.VSCode.ProjectSystemProvider.Service'. Pipe name: /Users/MAC/.ServiceHub/528ed158d3/79dfafb8fc, Supported Version: 
09/28/2026 21:10:42 hora estándar de Brasilia : Information : hubHostClr write: Content-Length: 80

{"jsonrpc":"2.0","id":4,"result":"/Users/MAC/.ServiceHub/528ed158d3/79dfafb8fc"}
09/28/2026 21:10:42 hora estándar de Brasilia : Information : A new client connected to CLR service module 'Microsoft.VisualStudio.TestWindow.VSCode.ProjectSystemProvider.Service'
09/28/2026 21:10:42 hora estándar de Brasilia : Information : Found FactoryVersion=Version2 for service : Microsoft.VisualStudio.TestWindow.VSCode.ProjectSystemProvider.Service.
09/28/2026 21:10:42 hora estándar de Brasilia : Information : Service 'Microsoft.VisualStudio.TestWindow.VSCode.ProjectSystemProvider.Service.ProjectSystemProviderServiceFactory' implements IServiceHubServiceFactory. Creating factory instance and caching it.
09/28/2026 21:10:42 hora estándar de Brasilia : Information : Creating service Microsoft.VisualStudio.TestWindow.VSCode.ProjectSystemProvider.Service.ProjectSystemProviderServiceFactory from factory with FactoryVersion=Version2 and ClientRequestedVersion=0.1.
09/28/2026 21:10:42 hora estándar de Brasilia : Information : Setting up RPC connection for service 'Microsoft.VisualStudio.TestWindow.VSCode.ProjectSystemProvider.Service.ProjectSystemProviderServiceFactory' from factory
09/28/2026 21:10:42 hora estándar de Brasilia : Information : Completed RPC connection setup for service 'Microsoft.VisualStudio.TestWindow.VSCode.ProjectSystemProvider.Service.ProjectSystemProviderServiceFactory' from factory
09/28/2026 21:29:35 hora estándar de Brasilia : Information : Checking if 'Microsoft.VisualStudio.TestWindow.VSCode.ProjectSystemProvider.Service.ProjectSystemProviderServiceFactory' implements Microsoft.VisualStudio.Threading.IAsyncDisposable.
09/28/2026 21:29:35 hora estándar de Brasilia : Information : Checking if 'Microsoft.VisualStudio.TestWindow.VSCode.ProjectSystemProvider.Service.ProjectSystemProviderServiceFactory' implements System.IAsyncDisposable.
09/28/2026 21:29:35 hora estándar de Brasilia : Information : Checking if 'Microsoft.VisualStudio.TestWindow.VSCode.ProjectSystemProvider.Service.ProjectSystemProviderServiceFactory' implements System.IDisposable.
09/28/2026 21:29:35 hora estándar de Brasilia : Information : hubHostClr write: Content-Length: 108

{"jsonrpc":"2.0","method":"HostServicesEndedAsync","params":["dotnet$C94B8CFE-E3FD-4BAF-A941-2866DBB566FE"]}
09/28/2026 21:29:35 hora estándar de Brasilia : Information : Checking if 'Microsoft.VisualStudio.TestWindow.VSCode.Service.CsDKTestWindowServiceFactory' implements Microsoft.VisualStudio.Threading.IAsyncDisposable.
09/28/2026 21:29:35 hora estándar de Brasilia : Information : Checking if 'Microsoft.VisualStudio.TestWindow.VSCode.Service.CsDKTestWindowServiceFactory' implements System.IAsyncDisposable.
09/28/2026 21:29:35 hora estándar de Brasilia : Information : Checking if 'Microsoft.VisualStudio.TestWindow.VSCode.Service.CsDKTestWindowServiceFactory' implements System.IDisposable.
09/28/2026 21:29:35 hora estándar de Brasilia : Information : hubHostClr read: Content-Length: 57

{"jsonrpc":"2.0","id":5,"method":"ExitAsync","params":[]}
09/28/2026 21:29:35 hora estándar de Brasilia : Information : Exit command received. Exiting CLR host
09/28/2026 21:29:35 hora estándar de Brasilia : Information : hubHostClr write: Content-Length: 38

{"jsonrpc":"2.0","id":5,"result":null}
09/28/2026 21:29:35 hora estándar de Brasilia : Information : hubHostClr JSON RPC has been disposed
09/28/2026 21:29:35 hora estándar de Brasilia : Information : hubHostClr read: end of stream
