09/30/2026 23:58:02 hora estándar de Brasilia : Information : Local timezone is (UTC-03:00) hora estándar de Brasilia (São Paulo)
09/30/2026 23:58:02 hora estándar de Brasilia : Information : Service Hub .NET service module host started. Host id: dotnet.projectSystem$C94B8CFE-E3FD-4BAF-A941-2866DBB566FE. Controller pipe: net.pipe://198157B74B. PID: 19837
09/30/2026 23:58:02 hora estándar de Brasilia : Information : hubHostClr read: Content-Length: 116

{"jsonrpc":"2.0","id":2,"method":"InitializeHostAsync","params":[{"HostsRootDirectory":".","AppConfigFallback":""}]}
09/30/2026 23:58:02 hora estándar de Brasilia : Information : hubHostClr write: Content-Length: 93

{"jsonrpc":"2.0","id":2,"result":"dotnet.projectSystem$C94B8CFE-E3FD-4BAF-A941-2866DBB566FE"}
09/30/2026 23:58:02 hora estándar de Brasilia : Information : hubHostClr read: Content-Length: 2288

{"jsonrpc":"2.0","id":4,"method":"StartServiceAsync","params":[{"name":"Microsoft.VisualStudio.Debugger.HotReloadSessionNotificationService","host":"dotnet.projectSystem","hostId":"C94B8CFE-E3FD-4BAF-A941-2866DBB566FE","serviceBaseDirectory":"/Users/MAC/.vscode/extensions/ms-dotnettools.csdevkit-3.40.210-darwin-x64/components/dnpsv/platforms/darwin-x64/node_modules/@microsoft/vscode.projectsystem.managed.darwin-x64/Services","entryPoint":{"assemblyPath":"/Users/MAC/.vscode/extensions/ms-dotnettools.csdevkit-3.40.210-darwin-x64/components/dnpsv/platforms/darwin-x64/node_modules/@microsoft/vscode.projectsystem.managed.darwin-x64/Services/Microsoft.ProjectSystem.Managed.VSCode.Services.dll","fullClassName":"Microsoft.VisualStudio.HotReload.HotReloadSessionNotificationServiceFactory"},"friendServices":["Microsoft.VisualStudio.ProjectSystem.CompositionService"]},{"ActivationArguments":{"__servicehub__ServiceHubRemoteServiceBrokerPipeName":"/Users/MAC/.ServiceHub/974522f1e6/5711ef971f","__servicehub__FriendServiceModuleInfo__Microsoft.VisualStudio.ProjectSystem.CompositionService":"{\"name\":\"Microsoft.VisualStudio.ProjectSystem.CompositionService\",\"host\":\"dotnet.projectSystem\",\"hostId\":\"C94B8CFE-E3FD-4BAF-A941-2866DBB566FE\",\"hostConfiguration\":null,\"serviceBaseDirectory\":\"/Users/MAC/.vscode/extensions/ms-dotnettools.csdevkit-3.40.210-darwin-x64/components/CPS/platforms/darwin-x64/node_modules/@microsoft/visualstudio-projectsystem-server.darwin-x64\",\"entryPoint\":{\"assemblyPath\":\"/Users/MAC/.vscode/extensions/ms-dotnettools.csdevkit-3.40.210-darwin-x64/components/CPS/platforms/darwin-x64/node_modules/@microsoft/visualstudio-projectsystem-server.darwin-x64/Microsoft.VisualStudio.ProjectSystem.Server.Implementation.dll\",\"fullClassName\":\"Microsoft.VisualStudio.ProjectSystem.Server.CompositionServiceFactory\",\"scriptPath\":null,\"constructorFunction\":null,\"configPath\":null,\"appBasePath\":null,\"assemblySearchPathsConfig\":null},\"hostGroupAllowed\":null,\"hostGroupId\":null,\"serviceOverride\":null,\"singleDomainLoaderOptimization\":null,\"versionRange\":null,\"enableHotReload\":null,\"friendServices\":null}","__servicehub__RequestedServiceVersion":"0.1"},"ClientCredentials":{},"ClientCulture":"es-BR","ClientUICulture":"es-BR"}]}Content-Length: 971

{"jsonrpc":"2.0","id":3,"method":"StartServiceAsync","params":[{"name":"Microsoft.VisualStudio.LaunchConfigurationService","host":"dotnet.projectSystem","hostId":"C94B8CFE-E3FD-4BAF-A941-2866DBB566FE","serviceBaseDirectory":"/Users/MAC/.vscode/extensions/ms-dotnettools.csdevkit-3.40.210-darwin-x64/components/CPS/platforms/darwin-x64/node_modules/@microsoft/visualstudio-projectsystem-server.darwin-x64","entryPoint":{"assemblyPath":"/Users/MAC/.vscode/extensions/ms-dotnettools.csdevkit-3.40.210-darwin-x64/components/CPS/platforms/darwin-x64/node_modules/@microsoft/visualstudio-projectsystem-server.darwin-x64/Microsoft.VisualStudio.ProjectSystem.Server.Implementation.dll","fullClassName":"Microsoft.VisualStudio.ProjectSystem.Server.LaunchConfigurationServiceFactory"}},{"ActivationArguments":{"__servicehub__ServiceHubRemoteServiceBrokerPipeName":"/Users/MAC/.ServiceHub/974522f1e6/6af77b0df9"},"ClientCredentials":{},"ClientCulture":"en","ClientUICulture":"en"}]}Content-Length: 1036

{"jsonrpc":"2.0","id":5,"method":"StartServiceAsync","params":[{"name":"Microsoft.VisualStudio.ProjectSystem.Query.Remoting.QueryExecutionService","host":"dotnet.projectSystem","hostId":"C94B8CFE-E3FD-4BAF-A941-2866DBB566FE","serviceBaseDirectory":"/Users/MAC/.vscode/extensions/ms-dotnettools.csdevkit-3.40.210-darwin-x64/components/CPS/platforms/darwin-x64/node_modules/@microsoft/visualstudio-projectsystem-server.darwin-x64","entryPoint":{"assemblyPath":"/Users/MAC/.vscode/extensions/ms-dotnettools.csdevkit-3.40.210-darwin-x64/components/CPS/platforms/darwin-x64/node_modules/@microsoft/visualstudio-projectsystem-server.darwin-x64/Microsoft.VisualStudio.ProjectSystem.Server.Implementation.dll","fullClassName":"Microsoft.VisualStudio.ProjectSystem.Server.Que
09/30/2026 23:58:02 hora estándar de Brasilia : Information : hubHostClr read: ryExecutionServiceFactory"}},{"ActivationArguments":{"__servicehub__ServiceHubRemoteServiceBrokerPipeName":"/Users/MAC/.ServiceHub/974522f1e6/cf63d545a9","__servicehub__RequestedServiceVersion":"0.3"},"ClientCredentials":{},"ClientCulture":"en","ClientUICulture":"en"}]}Content-Length: 1017

{"jsonrpc":"2.0","id":7,"method":"StartServiceAsync","params":[{"name":"Microsoft.VisualStudio.ProjectSystem.ProjectTreeProvider","host":"dotnet.projectSystem","hostId":"C94B8CFE-E3FD-4BAF-A941-2866DBB566FE","serviceBaseDirectory":"/Users/MAC/.vscode/extensions/ms-dotnettools.csdevkit-3.40.210-darwin-x64/components/CPS/platforms/darwin-x64/node_modules/@microsoft/visualstudio-projectsystem-server.darwin-x64","entryPoint":{"assemblyPath":"/Users/MAC/.vscode/extensions/ms-dotnettools.csdevkit-3.40.210-darwin-x64/components/CPS/platforms/darwin-x64/node_modules/@microsoft/visualstudio-projectsystem-server.darwin-x64/Microsoft.VisualStudio.ProjectSystem.Server.Implementation.dll","fullClassName":"Microsoft.VisualStudio.ProjectSystem.Server.ProjectTreeProviderFactory"}},{"ActivationArguments":{"__servicehub__ServiceHubRemoteServiceBrokerPipeName":"/Users/MAC/.ServiceHub/974522f1e6/bddbcd5818","__servicehub__RequestedServiceVersion":"0.1"},"ClientCredentials":{},"ClientCulture":"en","ClientUICulture":"en"}]}Content-Length: 1047

{"jsonrpc":"2.0","id":6,"method":"StartServiceAsync","params":[{"name":"Microsoft.VisualStudio.ProjectSystem.ProjectInitializationStatusService","host":"dotnet.projectSystem","hostId":"C94B8CFE-E3FD-4BAF-A941-2866DBB566FE","serviceBaseDirectory":"/Users/MAC/.vscode/extensions/ms-dotnettools.csdevkit-3.40.210-darwin-x64/components/CPS/platforms/darwin-x64/node_modules/@microsoft/visualstudio-projectsystem-server.darwin-x64","entryPoint":{"assemblyPath":"/Users/MAC/.vscode/extensions/ms-dotnettools.csdevkit-3.40.210-darwin-x64/components/CPS/platforms/darwin-x64/node_modules/@microsoft/visualstudio-projectsystem-server.darwin-x64/Microsoft.VisualStudio.ProjectSystem.Server.Implementation.dll","fullClassName":"Microsoft.VisualStudio.ProjectSystem.Server.ProjectInitializationStatusServiceFactory"}},{"ActivationArguments":{"__servicehub__ServiceHubRemoteServiceBrokerPipeName":"/Users/MAC/.ServiceHub/974522f1e6/456bcc3100","__servicehub__RequestedServiceVersion":"0.1"},"ClientCredentials":{},"ClientCulture":"en","ClientUICulture":"en"}]}Content-Length: 2285

{"jsonrpc":"2.0","id":8,"method":"StartServiceAsync","params":[{"name":"Microsoft.VisualStudio.ProjectSystem.LanguageServiceLoadStatusService","host":"dotnet.projectSystem","hostId":"C94B8CFE-E3FD-4BAF-A941-2866DBB566FE","serviceBaseDirectory":"/Users/MAC/.vscode/extensions/ms-dotnettools.csdevkit-3.40.210-darwin-x64/components/dnpsv/platforms/darwin-x64/node_modules/@microsoft/vscode.projectsystem.managed.darwin-x64/Services","entryPoint":{"assemblyPath":"/Users/MAC/.vscode/extensions/ms-dotnettools.csdevkit-3.40.210-darwin-x64/components/dnpsv/platforms/darwin-x64/node_modules/@microsoft/vscode.projectsystem.managed.darwin-x64/Services/Microsoft.ProjectSystem.Managed.VSCode.Services.dll","fullClassName":"Microsoft.VisualStudio.ProjectSystem.LanguageServiceLoadStatusServiceFactory"},"friendServices":["Microsoft.VisualStudio.ProjectSystem.CompositionService"]},{"ActivationArguments":{"__servicehub__ServiceHubRemoteServiceBrokerPipeName":"/Users/MAC/.ServiceHub/974522f1e6/041657ef05","__servicehub__FriendServiceModuleInfo__Microsoft.VisualStudio.ProjectSystem.CompositionService":"{\"name\":\"Microsoft.VisualStudio.ProjectSystem.CompositionService\",\"host\":\"dotnet.projectSystem\",\"hostId\":\"C94B8CFE-E3FD-4BAF-A941-2866DBB566FE\",\"hostConfiguration\":null,\"serviceBaseDirectory\":\"/Users/MAC/.vscode/extensions/ms-dotnettools.csdevkit-3.40.210-darwin-x64/components/CPS/platforms/darwin-x64/node_modules/@microsoft/visualstudio-projectsystem-server.darwin-x64\",\"entryPoint\":{\"assemblyPath\":\"/Users/MAC/.vscode/extensions/ms-dotnettools.csdevkit-3.40.210-darwin-x64/components/CPS/platforms/darwin-x64/node_modules/@microsoft/visualstudio-projectsystem-server.
09/30/2026 23:58:02 hora estándar de Brasilia : Information : CLR host received start request for service 'Microsoft.VisualStudio.Debugger.HotReloadSessionNotificationService'
09/30/2026 23:58:02 hora estándar de Brasilia : Information : hubHostClr read: darwin-x64/Microsoft.VisualStudio.ProjectSystem.Server.Implementation.dll\",\"fullClassName\":\"Microsoft.VisualStudio.ProjectSystem.Server.CompositionServiceFactory\",\"scriptPath\":null,\"constructorFunction\":null,\"configPath\":null,\"appBasePath\":null,\"assemblySearchPathsConfig\":null},\"hostGroupAllowed\":null,\"hostGroupId\":null,\"serviceOverride\":null,\"singleDomainLoaderOptimization\":null,\"versionRange\":null,\"enableHotReload\":null,\"friendServices\":null}","__servicehub__RequestedServiceVersion":"0.1"},"ClientCredentials":{},"ClientCulture":"en","ClientUICulture":"en"}]}
09/30/2026 23:58:02 hora estándar de Brasilia : Information : Loading service module assembly '/Users/MAC/.vscode/extensions/ms-dotnettools.csdevkit-3.40.210-darwin-x64/components/dnpsv/platforms/darwin-x64/node_modules/@microsoft/vscode.projectsystem.managed.darwin-x64/Services/Microsoft.ProjectSystem.Managed.VSCode.Services.dll' from '/Users/MAC/.vscode/extensions/ms-dotnettools.csdevkit-3.40.210-darwin-x64/components/dnpsv/platforms/darwin-x64/node_modules/@microsoft/vscode.projectsystem.managed.darwin-x64/Services'
09/30/2026 23:58:03 hora estándar de Brasilia : Information : Starting service module 'Microsoft.VisualStudio.Debugger.HotReloadSessionNotificationService'. Class: Microsoft.VisualStudio.HotReload.HotReloadSessionNotificationServiceFactory, Supported Version: 
09/30/2026 23:58:03 hora estándar de Brasilia : Information : Started service 'Microsoft.VisualStudio.Debugger.HotReloadSessionNotificationService'. Pipe name: /Users/MAC/.ServiceHub/974522f1e6/1704a0b234, Supported Version: 
09/30/2026 23:58:03 hora estándar de Brasilia : Information : CLR host received start request for service 'Microsoft.VisualStudio.LaunchConfigurationService'
09/30/2026 23:58:03 hora estándar de Brasilia : Information : hubHostClr write: Content-Length: 80

{"jsonrpc":"2.0","id":4,"result":"/Users/MAC/.ServiceHub/974522f1e6/1704a0b234"}
09/30/2026 23:58:03 hora estándar de Brasilia : Information : Loading service module assembly '/Users/MAC/.vscode/extensions/ms-dotnettools.csdevkit-3.40.210-darwin-x64/components/CPS/platforms/darwin-x64/node_modules/@microsoft/visualstudio-projectsystem-server.darwin-x64/Microsoft.VisualStudio.ProjectSystem.Server.Implementation.dll' from '/Users/MAC/.vscode/extensions/ms-dotnettools.csdevkit-3.40.210-darwin-x64/components/CPS/platforms/darwin-x64/node_modules/@microsoft/visualstudio-projectsystem-server.darwin-x64'
09/30/2026 23:58:03 hora estándar de Brasilia : Information : Starting service module 'Microsoft.VisualStudio.LaunchConfigurationService'. Class: Microsoft.VisualStudio.ProjectSystem.Server.LaunchConfigurationServiceFactory, Supported Version: 
09/30/2026 23:58:03 hora estándar de Brasilia : Information : Started service 'Microsoft.VisualStudio.LaunchConfigurationService'. Pipe name: /Users/MAC/.ServiceHub/974522f1e6/26e774f3ed, Supported Version: 
09/30/2026 23:58:03 hora estándar de Brasilia : Information : CLR host received start request for service 'Microsoft.VisualStudio.ProjectSystem.Query.Remoting.QueryExecutionService'
09/30/2026 23:58:03 hora estándar de Brasilia : Information : Loading service module assembly '/Users/MAC/.vscode/extensions/ms-dotnettools.csdevkit-3.40.210-darwin-x64/components/CPS/platforms/darwin-x64/node_modules/@microsoft/visualstudio-projectsystem-server.darwin-x64/Microsoft.VisualStudio.ProjectSystem.Server.Implementation.dll' from '/Users/MAC/.vscode/extensions/ms-dotnettools.csdevkit-3.40.210-darwin-x64/components/CPS/platforms/darwin-x64/node_modules/@microsoft/visualstudio-projectsystem-server.darwin-x64'
09/30/2026 23:58:03 hora estándar de Brasilia : Information : Starting service module 'Microsoft.VisualStudio.ProjectSystem.Query.Remoting.QueryExecutionService'. Class: Microsoft.VisualStudio.ProjectSystem.Server.QueryExecutionServiceFactory, Supported Version: 
09/30/2026 23:58:03 hora estándar de Brasilia : Information : Started service 'Microsoft.VisualStudio.ProjectSystem.Query.Remoting.QueryExecutionService'. Pipe name: /Users/MAC/.ServiceHub/974522f1e6/2e01e70333, Supported Version: 
09/30/2026 23:58:03 hora estándar de Brasilia : Information : CLR host received start request for service 'Microsoft.VisualStudio.ProjectSystem.ProjectTreeProvider'
09/30/2026 23:58:03 hora estándar de Brasilia : Information : Loading service module assembly '/Users/MAC/.vscode/extensions/ms-dotnettools.csdevkit-3.40.210-darwin-x64/components/CPS/platforms/darwin-x64/node_modules/@microsoft/visualstudio-projectsystem-server.darwin-x64/Microsoft.VisualStudio.ProjectSystem.Server.Implementation.dll' from '/Users/MAC/.vscode/extensions/ms-dotnettools.csdevkit-3.40.210-darwin-x64/components/CPS/platforms/darwin-x64/node_modules/@microsoft/visualstudio-projectsystem-server.darwin-x64'
09/30/2026 23:58:03 hora estándar de Brasilia : Information : Starting service module 'Microsoft.VisualStudio.ProjectSystem.ProjectTreeProvider'. Class: Microsoft.VisualStudio.ProjectSystem.Server.ProjectTreeProviderFactory, Supported Version: 
09/30/2026 23:58:03 hora estándar de Brasilia : Information : Started service 'Microsoft.VisualStudio.ProjectSystem.ProjectTreeProvider'. Pipe name: /Users/MAC/.ServiceHub/974522f1e6/f4335d255b, Supported Version: 
09/30/2026 23:58:03 hora estándar de Brasilia : Information : CLR host received start request for service 'Microsoft.VisualStudio.ProjectSystem.ProjectInitializationStatusService'
09/30/2026 23:58:03 hora estándar de Brasilia : Information : Loading service module assembly '/Users/MAC/.vscode/extensions/ms-dotnettools.csdevkit-3.40.210-darwin-x64/components/CPS/platforms/darwin-x64/node_modules/@microsoft/visualstudio-projectsystem-server.darwin-x64/Microsoft.VisualStudio.ProjectSystem.Server.Implementation.dll' from '/Users/MAC/.vscode/extensions/ms-dotnettools.csdevkit-3.40.210-darwin-x64/components/CPS/platforms/darwin-x64/node_modules/@microsoft/visualstudio-projectsystem-server.darwin-x64'
09/30/2026 23:58:03 hora estándar de Brasilia : Information : Starting service module 'Microsoft.VisualStudio.ProjectSystem.ProjectInitializationStatusService'. Class: Microsoft.VisualStudio.ProjectSystem.Server.ProjectInitializationStatusServiceFactory, Supported Version: 
09/30/2026 23:58:03 hora estándar de Brasilia : Information : Started service 'Microsoft.VisualStudio.ProjectSystem.ProjectInitializationStatusService'. Pipe name: /Users/MAC/.ServiceHub/974522f1e6/e4be16d5d3, Supported Version: 
09/30/2026 23:58:03 hora estándar de Brasilia : Information : CLR host received start request for service 'Microsoft.VisualStudio.ProjectSystem.LanguageServiceLoadStatusService'
09/30/2026 23:58:03 hora estándar de Brasilia : Information : Loading service module assembly '/Users/MAC/.vscode/extensions/ms-dotnettools.csdevkit-3.40.210-darwin-x64/components/dnpsv/platforms/darwin-x64/node_modules/@microsoft/vscode.projectsystem.managed.darwin-x64/Services/Microsoft.ProjectSystem.Managed.VSCode.Services.dll' from '/Users/MAC/.vscode/extensions/ms-dotnettools.csdevkit-3.40.210-darwin-x64/components/dnpsv/platforms/darwin-x64/node_modules/@microsoft/vscode.projectsystem.managed.darwin-x64/Services'
09/30/2026 23:58:03 hora estándar de Brasilia : Information : Starting service module 'Microsoft.VisualStudio.ProjectSystem.LanguageServiceLoadStatusService'. Class: Microsoft.VisualStudio.ProjectSystem.LanguageServiceLoadStatusServiceFactory, Supported Version: 
09/30/2026 23:58:03 hora estándar de Brasilia : Information : Started service 'Microsoft.VisualStudio.ProjectSystem.LanguageServiceLoadStatusService'. Pipe name: /Users/MAC/.ServiceHub/974522f1e6/8e6f35aea3, Supported Version: 
09/30/2026 23:58:03 hora estándar de Brasilia : Information : hubHostClr write: Content-Length: 80

{"jsonrpc":"2.0","id":3,"result":"/Users/MAC/.ServiceHub/974522f1e6/26e774f3ed"}Content-Length: 80

{"jsonrpc":"2.0","id":5,"result":"/Users/MAC/.ServiceHub/974522f1e6/2e01e70333"}Content-Length: 80

{"jsonrpc":"2.0","id":7,"result":"/Users/MAC/.ServiceHub/974522f1e6/f4335d255b"}Content-Length: 80

{"jsonrpc":"2.0","id":6,"result":"/Users/MAC/.ServiceHub/974522f1e6/e4be16d5d3"}
09/30/2026 23:58:03 hora estándar de Brasilia : Information : hubHostClr write: Content-Length: 80

{"jsonrpc":"2.0","id":8,"result":"/Users/MAC/.ServiceHub/974522f1e6/8e6f35aea3"}
09/30/2026 23:58:03 hora estándar de Brasilia : Information : A new client connected to CLR service module 'Microsoft.VisualStudio.ProjectSystem.ProjectTreeProvider'
09/30/2026 23:58:03 hora estándar de Brasilia : Information : A new client connected to CLR service module 'Microsoft.VisualStudio.ProjectSystem.Query.Remoting.QueryExecutionService'
09/30/2026 23:58:03 hora estándar de Brasilia : Information : A new client connected to CLR service module 'Microsoft.VisualStudio.ProjectSystem.ProjectInitializationStatusService'
09/30/2026 23:58:03 hora estándar de Brasilia : Information : A new client connected to CLR service module 'Microsoft.VisualStudio.ProjectSystem.LanguageServiceLoadStatusService'
09/30/2026 23:58:03 hora estándar de Brasilia : Information : A new client connected to CLR service module 'Microsoft.VisualStudio.LaunchConfigurationService'
09/30/2026 23:58:03 hora estándar de Brasilia : Information : A new client connected to CLR service module 'Microsoft.VisualStudio.Debugger.HotReloadSessionNotificationService'
09/30/2026 23:58:03 hora estándar de Brasilia : Information : Found FactoryVersion=Version2 for service : Microsoft.VisualStudio.ProjectSystem.LanguageServiceLoadStatusService.
09/30/2026 23:58:03 hora estándar de Brasilia : Information : Service 'Microsoft.VisualStudio.ProjectSystem.LanguageServiceLoadStatusServiceFactory' implements IServiceHubServiceFactory. Creating factory instance and caching it.
09/30/2026 23:58:03 hora estándar de Brasilia : Information : Found FactoryVersion=Version2 for service : Microsoft.VisualStudio.Debugger.HotReloadSessionNotificationService.
09/30/2026 23:58:03 hora estándar de Brasilia : Information : Service 'Microsoft.VisualStudio.HotReload.HotReloadSessionNotificationServiceFactory' implements IServiceHubServiceFactory. Creating factory instance and caching it.
09/30/2026 23:58:03 hora estándar de Brasilia : Information : hubHostClr write: Content-Length: 124

{"jsonrpc":"2.0","method":"HostServicesStartedAsync","params":["dotnet.projectSystem$C94B8CFE-E3FD-4BAF-A941-2866DBB566FE"]}
09/30/2026 23:58:03 hora estándar de Brasilia : Information : Found FactoryVersion=Version2 for service : Microsoft.VisualStudio.ProjectSystem.ProjectTreeProvider.
09/30/2026 23:58:03 hora estándar de Brasilia : Information : Service 'Microsoft.VisualStudio.ProjectSystem.Server.ProjectTreeProviderFactory' implements IServiceHubServiceFactory. Creating factory instance and caching it.
09/30/2026 23:58:03 hora estándar de Brasilia : Information : Found FactoryVersion=Version2 for service : Microsoft.VisualStudio.ProjectSystem.Query.Remoting.QueryExecutionService.
09/30/2026 23:58:03 hora estándar de Brasilia : Information : Service 'Microsoft.VisualStudio.ProjectSystem.Server.QueryExecutionServiceFactory' implements IServiceHubServiceFactory. Creating factory instance and caching it.
09/30/2026 23:58:03 hora estándar de Brasilia : Information : Found FactoryVersion=Version2 for service : Microsoft.VisualStudio.ProjectSystem.ProjectInitializationStatusService.
09/30/2026 23:58:03 hora estándar de Brasilia : Information : Service 'Microsoft.VisualStudio.ProjectSystem.Server.ProjectInitializationStatusServiceFactory' implements IServiceHubServiceFactory. Creating factory instance and caching it.
09/30/2026 23:58:03 hora estándar de Brasilia : Information : Found FactoryVersion=Version2 for service : Microsoft.VisualStudio.LaunchConfigurationService.
09/30/2026 23:58:03 hora estándar de Brasilia : Information : Service 'Microsoft.VisualStudio.ProjectSystem.Server.LaunchConfigurationServiceFactory' implements IServiceHubServiceFactory. Creating factory instance and caching it.
09/30/2026 23:58:03 hora estándar de Brasilia : Information : Creating service Microsoft.VisualStudio.ProjectSystem.Server.LaunchConfigurationServiceFactory from factory with FactoryVersion=Version2 and ClientRequestedVersion=.
09/30/2026 23:58:03 hora estándar de Brasilia : Information : Creating service Microsoft.VisualStudio.HotReload.HotReloadSessionNotificationServiceFactory from factory with FactoryVersion=Version2 and ClientRequestedVersion=0.1.
09/30/2026 23:58:03 hora estándar de Brasilia : Information : Creating service Microsoft.VisualStudio.ProjectSystem.Server.QueryExecutionServiceFactory from factory with FactoryVersion=Version2 and ClientRequestedVersion=0.3.
09/30/2026 23:58:03 hora estándar de Brasilia : Information : Creating service Microsoft.VisualStudio.ProjectSystem.LanguageServiceLoadStatusServiceFactory from factory with FactoryVersion=Version2 and ClientRequestedVersion=0.1.
09/30/2026 23:58:03 hora estándar de Brasilia : Information : Creating service Microsoft.VisualStudio.ProjectSystem.Server.ProjectInitializationStatusServiceFactory from factory with FactoryVersion=Version2 and ClientRequestedVersion=0.1.
09/30/2026 23:58:03 hora estándar de Brasilia : Information : Creating service Microsoft.VisualStudio.ProjectSystem.Server.ProjectTreeProviderFactory from factory with FactoryVersion=Version2 and ClientRequestedVersion=0.1.
09/30/2026 23:58:03 hora estándar de Brasilia : Information : Setting up RPC connection for service 'Microsoft.VisualStudio.ProjectSystem.LanguageServiceLoadStatusServiceFactory' from factory
09/30/2026 23:58:03 hora estándar de Brasilia : Information : Setting up RPC connection for service 'Microsoft.VisualStudio.ProjectSystem.Server.ProjectTreeProviderFactory' from factory
09/30/2026 23:58:03 hora estándar de Brasilia : Information : Setting up RPC connection for service 'Microsoft.VisualStudio.ProjectSystem.Server.ProjectInitializationStatusServiceFactory' from factory
09/30/2026 23:58:03 hora estándar de Brasilia : Information : Setting up RPC connection for service 'Microsoft.VisualStudio.ProjectSystem.Server.LaunchConfigurationServiceFactory' from factory
09/30/2026 23:58:03 hora estándar de Brasilia : Information : Setting up RPC connection for service 'Microsoft.VisualStudio.ProjectSystem.Server.QueryExecutionServiceFactory' from factory
09/30/2026 23:58:03 hora estándar de Brasilia : Information : Setting up RPC connection for service 'Microsoft.VisualStudio.HotReload.HotReloadSessionNotificationServiceFactory' from factory
09/30/2026 23:58:03 hora estándar de Brasilia : Information : hubHostClr read: Content-Length: 1015

{"jsonrpc":"2.0","id":9,"method":"StartServiceAsync","params":[{"name":"Microsoft.VisualStudio.ProjectSystem.CompositionService","host":"dotnet.projectSystem","hostId":"C94B8CFE-E3FD-4BAF-A941-2866DBB566FE","serviceBaseDirectory":"/Users/MAC/.vscode/extensions/ms-dotnettools.csdevkit-3.40.210-darwin-x64/components/CPS/platforms/darwin-x64/node_modules/@microsoft/visualstudio-projectsystem-server.darwin-x64","entryPoint":{"assemblyPath":"/Users/MAC/.vscode/extensions/ms-dotnettools.csdevkit-3.40.210-darwin-x64/components/CPS/platforms/darwin-x64/node_modules/@microsoft/visualstudio-projectsystem-server.darwin-x64/Microsoft.VisualStudio.ProjectSystem.Server.Implementation.dll","fullClassName":"Microsoft.VisualStudio.ProjectSystem.Server.CompositionServiceFactory"}},{"ActivationArguments":{"__servicehub__ServiceHubRemoteServiceBrokerPipeName":"/Users/MAC/.ServiceHub/974522f1e6/cda2002ac1","__servicehub__RequestedServiceVersion":"0.1"},"ClientCredentials":{},"ClientCulture":"en","ClientUICulture":"en"}]}
09/30/2026 23:58:03 hora estándar de Brasilia : Information : CLR host received start request for service 'Microsoft.VisualStudio.ProjectSystem.CompositionService'
09/30/2026 23:58:03 hora estándar de Brasilia : Information : Loading service module assembly '/Users/MAC/.vscode/extensions/ms-dotnettools.csdevkit-3.40.210-darwin-x64/components/CPS/platforms/darwin-x64/node_modules/@microsoft/visualstudio-projectsystem-server.darwin-x64/Microsoft.VisualStudio.ProjectSystem.Server.Implementation.dll' from '/Users/MAC/.vscode/extensions/ms-dotnettools.csdevkit-3.40.210-darwin-x64/components/CPS/platforms/darwin-x64/node_modules/@microsoft/visualstudio-projectsystem-server.darwin-x64'
09/30/2026 23:58:03 hora estándar de Brasilia : Information : Starting service module 'Microsoft.VisualStudio.ProjectSystem.CompositionService'. Class: Microsoft.VisualStudio.ProjectSystem.Server.CompositionServiceFactory, Supported Version: 
09/30/2026 23:58:03 hora estándar de Brasilia : Information : Started service 'Microsoft.VisualStudio.ProjectSystem.CompositionService'. Pipe name: /Users/MAC/.ServiceHub/974522f1e6/c449fe160d, Supported Version: 
09/30/2026 23:58:03 hora estándar de Brasilia : Information : hubHostClr write: Content-Length: 80

{"jsonrpc":"2.0","id":9,"result":"/Users/MAC/.ServiceHub/974522f1e6/c449fe160d"}
09/30/2026 23:58:03 hora estándar de Brasilia : Information : A new client connected to CLR service module 'Microsoft.VisualStudio.ProjectSystem.CompositionService'
09/30/2026 23:58:03 hora estándar de Brasilia : Information : Found FactoryVersion=Version2 for service : Microsoft.VisualStudio.ProjectSystem.CompositionService.
09/30/2026 23:58:03 hora estándar de Brasilia : Information : Service 'Microsoft.VisualStudio.ProjectSystem.Server.CompositionServiceFactory' implements IServiceHubServiceFactory. Creating factory instance and caching it.
09/30/2026 23:58:03 hora estándar de Brasilia : Information : Creating service Microsoft.VisualStudio.ProjectSystem.Server.CompositionServiceFactory from factory with FactoryVersion=Version2 and ClientRequestedVersion=0.1.
09/30/2026 23:58:03 hora estándar de Brasilia : Information : Setting up RPC connection for service 'Microsoft.VisualStudio.ProjectSystem.Server.CompositionServiceFactory' from factory
09/30/2026 23:58:03 hora estándar de Brasilia : Information : hubHostClr read: Content-Length: 1028

{"jsonrpc":"2.0","id":10,"method":"StartServiceAsync","params":[{"name":"Microsoft.VisualStudio.ProjectSystem.ProjectActivationService","host":"dotnet.projectSystem","hostId":"C94B8CFE-E3FD-4BAF-A941-2866DBB566FE","serviceBaseDirectory":"/Users/MAC/.vscode/extensions/ms-dotnettools.csdevkit-3.40.210-darwin-x64/components/CPS/platforms/darwin-x64/node_modules/@microsoft/visualstudio-projectsystem-server.darwin-x64","entryPoint":{"assemblyPath":"/Users/MAC/.vscode/extensions/ms-dotnettools.csdevkit-3.40.210-darwin-x64/components/CPS/platforms/darwin-x64/node_modules/@microsoft/visualstudio-projectsystem-server.darwin-x64/Microsoft.VisualStudio.ProjectSystem.Server.Implementation.dll","fullClassName":"Microsoft.VisualStudio.ProjectSystem.Server.ProjectActivationServiceFactory"}},{"ActivationArguments":{"__servicehub__ServiceHubRemoteServiceBrokerPipeName":"/Users/MAC/.ServiceHub/974522f1e6/9aa4b4648f","__servicehub__RequestedServiceVersion":"0.1"},"ClientCredentials":{},"ClientCulture":"en","ClientUICulture":"en"}]}
09/30/2026 23:58:03 hora estándar de Brasilia : Information : CLR host received start request for service 'Microsoft.VisualStudio.ProjectSystem.ProjectActivationService'
09/30/2026 23:58:03 hora estándar de Brasilia : Information : Loading service module assembly '/Users/MAC/.vscode/extensions/ms-dotnettools.csdevkit-3.40.210-darwin-x64/components/CPS/platforms/darwin-x64/node_modules/@microsoft/visualstudio-projectsystem-server.darwin-x64/Microsoft.VisualStudio.ProjectSystem.Server.Implementation.dll' from '/Users/MAC/.vscode/extensions/ms-dotnettools.csdevkit-3.40.210-darwin-x64/components/CPS/platforms/darwin-x64/node_modules/@microsoft/visualstudio-projectsystem-server.darwin-x64'
09/30/2026 23:58:03 hora estándar de Brasilia : Information : Starting service module 'Microsoft.VisualStudio.ProjectSystem.ProjectActivationService'. Class: Microsoft.VisualStudio.ProjectSystem.Server.ProjectActivationServiceFactory, Supported Version: 
09/30/2026 23:58:03 hora estándar de Brasilia : Information : Started service 'Microsoft.VisualStudio.ProjectSystem.ProjectActivationService'. Pipe name: /Users/MAC/.ServiceHub/974522f1e6/3609345045, Supported Version: 
09/30/2026 23:58:03 hora estándar de Brasilia : Information : hubHostClr write: Content-Length: 81

{"jsonrpc":"2.0","id":10,"result":"/Users/MAC/.ServiceHub/974522f1e6/3609345045"}
09/30/2026 23:58:03 hora estándar de Brasilia : Information : A new client connected to CLR service module 'Microsoft.VisualStudio.ProjectSystem.ProjectActivationService'
09/30/2026 23:58:03 hora estándar de Brasilia : Information : Found FactoryVersion=Version2 for service : Microsoft.VisualStudio.ProjectSystem.ProjectActivationService.
09/30/2026 23:58:03 hora estándar de Brasilia : Information : Service 'Microsoft.VisualStudio.ProjectSystem.Server.ProjectActivationServiceFactory' implements IServiceHubServiceFactory. Creating factory instance and caching it.
09/30/2026 23:58:03 hora estándar de Brasilia : Information : Creating service Microsoft.VisualStudio.ProjectSystem.Server.ProjectActivationServiceFactory from factory with FactoryVersion=Version2 and ClientRequestedVersion=0.1.
09/30/2026 23:58:03 hora estándar de Brasilia : Information : Setting up RPC connection for service 'Microsoft.VisualStudio.ProjectSystem.Server.ProjectActivationServiceFactory' from factory
09/30/2026 23:58:03 hora estándar de Brasilia : Information : Completed RPC connection setup for service 'Microsoft.VisualStudio.ProjectSystem.Server.CompositionServiceFactory' from factory
09/30/2026 23:58:03 hora estándar de Brasilia : Information : Completed RPC connection setup for service 'Microsoft.VisualStudio.ProjectSystem.Server.ProjectInitializationStatusServiceFactory' from factory
09/30/2026 23:58:03 hora estándar de Brasilia : Information : Completed RPC connection setup for service 'Microsoft.VisualStudio.ProjectSystem.Server.LaunchConfigurationServiceFactory' from factory
09/30/2026 23:58:03 hora estándar de Brasilia : Information : Completed RPC connection setup for service 'Microsoft.VisualStudio.ProjectSystem.Server.ProjectActivationServiceFactory' from factory
09/30/2026 23:58:03 hora estándar de Brasilia : Information : Completed RPC connection setup for service 'Microsoft.VisualStudio.ProjectSystem.Server.ProjectTreeProviderFactory' from factory
09/30/2026 23:58:03 hora estándar de Brasilia : Information : Completed RPC connection setup for service 'Microsoft.VisualStudio.ProjectSystem.Server.QueryExecutionServiceFactory' from factory
09/30/2026 23:58:04 hora estándar de Brasilia : Information : hubHostClr read: Content-Length: 1037

{"jsonrpc":"2.0","id":11,"method":"StartServiceAsync","params":[{"name":"Microsoft.VisualStudio.ProjectSystem.Query.Remoting.QueryExecutionService","host":"dotnet.projectSystem","hostId":"C94B8CFE-E3FD-4BAF-A941-2866DBB566FE","serviceBaseDirectory":"/Users/MAC/.vscode/extensions/ms-dotnettools.csdevkit-3.40.210-darwin-x64/components/CPS/platforms/darwin-x64/node_modules/@microsoft/visualstudio-projectsystem-server.darwin-x64","entryPoint":{"assemblyPath":"/Users/MAC/.vscode/extensions/ms-dotnettools.csdevkit-3.40.210-darwin-x64/components/CPS/platforms/darwin-x64/node_modules/@microsoft/visualstudio-projectsystem-server.darwin-x64/Microsoft.VisualStudio.ProjectSystem.Server.Implementation.dll","fullClassName":"Microsoft.VisualStudio.ProjectSystem.Server.QueryExecutionServiceFactory"}},{"ActivationArguments":{"__servicehub__ServiceHubRemoteServiceBrokerPipeName":"/Users/MAC/.ServiceHub/974522f1e6/0fd1120cb2","__servicehub__RequestedServiceVersion":"0.3"},"ClientCredentials":{},"ClientCulture":"en","ClientUICulture":"en"}]}
09/30/2026 23:58:04 hora estándar de Brasilia : Information : CLR host received start request for service 'Microsoft.VisualStudio.ProjectSystem.Query.Remoting.QueryExecutionService'
09/30/2026 23:58:04 hora estándar de Brasilia : Information : Loading service module assembly '/Users/MAC/.vscode/extensions/ms-dotnettools.csdevkit-3.40.210-darwin-x64/components/CPS/platforms/darwin-x64/node_modules/@microsoft/visualstudio-projectsystem-server.darwin-x64/Microsoft.VisualStudio.ProjectSystem.Server.Implementation.dll' from '/Users/MAC/.vscode/extensions/ms-dotnettools.csdevkit-3.40.210-darwin-x64/components/CPS/platforms/darwin-x64/node_modules/@microsoft/visualstudio-projectsystem-server.darwin-x64'
09/30/2026 23:58:04 hora estándar de Brasilia : Information : Starting service module 'Microsoft.VisualStudio.ProjectSystem.Query.Remoting.QueryExecutionService'. Class: Microsoft.VisualStudio.ProjectSystem.Server.QueryExecutionServiceFactory, Supported Version: 
09/30/2026 23:58:04 hora estándar de Brasilia : Information : Started service 'Microsoft.VisualStudio.ProjectSystem.Query.Remoting.QueryExecutionService'. Pipe name: /Users/MAC/.ServiceHub/974522f1e6/36c6101e9e, Supported Version: 
09/30/2026 23:58:04 hora estándar de Brasilia : Information : hubHostClr write: Content-Length: 81

{"jsonrpc":"2.0","id":11,"result":"/Users/MAC/.ServiceHub/974522f1e6/36c6101e9e"}
09/30/2026 23:58:04 hora estándar de Brasilia : Information : A new client connected to CLR service module 'Microsoft.VisualStudio.ProjectSystem.Query.Remoting.QueryExecutionService'
09/30/2026 23:58:04 hora estándar de Brasilia : Information : Found IServiceHubServiceFactory in cache. Creating instance from the factory.
09/30/2026 23:58:04 hora estándar de Brasilia : Information : Creating service Microsoft.VisualStudio.ProjectSystem.Server.QueryExecutionServiceFactory from factory with FactoryVersion=Version2 and ClientRequestedVersion=0.3.
09/30/2026 23:58:04 hora estándar de Brasilia : Information : Setting up RPC connection for service 'Microsoft.VisualStudio.ProjectSystem.Server.QueryExecutionServiceFactory' from factory
09/30/2026 23:58:04 hora estándar de Brasilia : Information : Completed RPC connection setup for service 'Microsoft.VisualStudio.ProjectSystem.Server.QueryExecutionServiceFactory' from factory
10/01/2026 00:00:11 hora estándar de Brasilia : Information : hubHostClr read: Content-Length: 972

{"jsonrpc":"2.0","id":12,"method":"StartServiceAsync","params":[{"name":"Microsoft.VisualStudio.LaunchConfigurationService","host":"dotnet.projectSystem","hostId":"C94B8CFE-E3FD-4BAF-A941-2866DBB566FE","serviceBaseDirectory":"/Users/MAC/.vscode/extensions/ms-dotnettools.csdevkit-3.40.210-darwin-x64/components/CPS/platforms/darwin-x64/node_modules/@microsoft/visualstudio-projectsystem-server.darwin-x64","entryPoint":{"assemblyPath":"/Users/MAC/.vscode/extensions/ms-dotnettools.csdevkit-3.40.210-darwin-x64/components/CPS/platforms/darwin-x64/node_modules/@microsoft/visualstudio-projectsystem-server.darwin-x64/Microsoft.VisualStudio.ProjectSystem.Server.Implementation.dll","fullClassName":"Microsoft.VisualStudio.ProjectSystem.Server.LaunchConfigurationServiceFactory"}},{"ActivationArguments":{"__servicehub__ServiceHubRemoteServiceBrokerPipeName":"/Users/MAC/.ServiceHub/974522f1e6/360b319d2e"},"ClientCredentials":{},"ClientCulture":"en","ClientUICulture":"en"}]}
10/01/2026 00:00:11 hora estándar de Brasilia : Information : CLR host received start request for service 'Microsoft.VisualStudio.LaunchConfigurationService'
10/01/2026 00:00:11 hora estándar de Brasilia : Information : Loading service module assembly '/Users/MAC/.vscode/extensions/ms-dotnettools.csdevkit-3.40.210-darwin-x64/components/CPS/platforms/darwin-x64/node_modules/@microsoft/visualstudio-projectsystem-server.darwin-x64/Microsoft.VisualStudio.ProjectSystem.Server.Implementation.dll' from '/Users/MAC/.vscode/extensions/ms-dotnettools.csdevkit-3.40.210-darwin-x64/components/CPS/platforms/darwin-x64/node_modules/@microsoft/visualstudio-projectsystem-server.darwin-x64'
10/01/2026 00:00:11 hora estándar de Brasilia : Information : Starting service module 'Microsoft.VisualStudio.LaunchConfigurationService'. Class: Microsoft.VisualStudio.ProjectSystem.Server.LaunchConfigurationServiceFactory, Supported Version: 
10/01/2026 00:00:11 hora estándar de Brasilia : Information : Started service 'Microsoft.VisualStudio.LaunchConfigurationService'. Pipe name: /Users/MAC/.ServiceHub/974522f1e6/ba50b1fbf3, Supported Version: 
10/01/2026 00:00:11 hora estándar de Brasilia : Information : hubHostClr write: Content-Length: 81

{"jsonrpc":"2.0","id":12,"result":"/Users/MAC/.ServiceHub/974522f1e6/ba50b1fbf3"}
10/01/2026 00:00:11 hora estándar de Brasilia : Information : A new client connected to CLR service module 'Microsoft.VisualStudio.LaunchConfigurationService'
10/01/2026 00:00:11 hora estándar de Brasilia : Information : Found IServiceHubServiceFactory in cache. Creating instance from the factory.
10/01/2026 00:00:11 hora estándar de Brasilia : Information : Creating service Microsoft.VisualStudio.ProjectSystem.Server.LaunchConfigurationServiceFactory from factory with FactoryVersion=Version2 and ClientRequestedVersion=.
10/01/2026 00:00:11 hora estándar de Brasilia : Information : Setting up RPC connection for service 'Microsoft.VisualStudio.ProjectSystem.Server.LaunchConfigurationServiceFactory' from factory
10/01/2026 00:00:11 hora estándar de Brasilia : Information : Completed RPC connection setup for service 'Microsoft.VisualStudio.ProjectSystem.Server.LaunchConfigurationServiceFactory' from factory
10/01/2026 00:00:16 hora estándar de Brasilia : Information : Checking if 'Microsoft.VisualStudio.ProjectSystem.Server.ProjectActivationServiceFactory' implements Microsoft.VisualStudio.Threading.IAsyncDisposable.
10/01/2026 00:00:16 hora estándar de Brasilia : Information : Checking if 'Microsoft.VisualStudio.ProjectSystem.Server.ProjectTreeProviderFactory' implements Microsoft.VisualStudio.Threading.IAsyncDisposable.
10/01/2026 00:00:16 hora estándar de Brasilia : Information : Checking if 'Microsoft.VisualStudio.ProjectSystem.Server.ProjectActivationServiceFactory' implements System.IAsyncDisposable.
10/01/2026 00:00:16 hora estándar de Brasilia : Information : Checking if 'Microsoft.VisualStudio.ProjectSystem.Server.ProjectActivationServiceFactory' implements System.IDisposable.
10/01/2026 00:00:16 hora estándar de Brasilia : Information : Checking if 'Microsoft.VisualStudio.ProjectSystem.Server.ProjectTreeProviderFactory' implements System.IAsyncDisposable.
10/01/2026 00:00:16 hora estándar de Brasilia : Information : Checking if 'Microsoft.VisualStudio.ProjectSystem.Server.ProjectTreeProviderFactory' implements System.IDisposable.
10/01/2026 00:00:16 hora estándar de Brasilia : Information : Checking if 'Microsoft.VisualStudio.ProjectSystem.Server.LaunchConfigurationServiceFactory' implements Microsoft.VisualStudio.Threading.IAsyncDisposable.
10/01/2026 00:00:16 hora estándar de Brasilia : Information : Checking if 'Microsoft.VisualStudio.ProjectSystem.Server.ProjectInitializationStatusServiceFactory' implements Microsoft.VisualStudio.Threading.IAsyncDisposable.
10/01/2026 00:00:16 hora estándar de Brasilia : Information : Checking if 'Microsoft.VisualStudio.ProjectSystem.Server.LaunchConfigurationServiceFactory' implements System.IAsyncDisposable.
10/01/2026 00:00:16 hora estándar de Brasilia : Information : Checking if 'Microsoft.VisualStudio.ProjectSystem.Server.LaunchConfigurationServiceFactory' implements System.IDisposable.
10/01/2026 00:00:16 hora estándar de Brasilia : Information : Checking if 'Microsoft.VisualStudio.ProjectSystem.Server.ProjectInitializationStatusServiceFactory' implements System.IAsyncDisposable.
10/01/2026 00:00:16 hora estándar de Brasilia : Information : Checking if 'Microsoft.VisualStudio.ProjectSystem.Server.ProjectInitializationStatusServiceFactory' implements System.IDisposable.
10/01/2026 00:00:16 hora estándar de Brasilia : Information : Checking if 'Microsoft.VisualStudio.ProjectSystem.Server.QueryExecutionServiceFactory' implements Microsoft.VisualStudio.Threading.IAsyncDisposable.
10/01/2026 00:00:16 hora estándar de Brasilia : Information : Checking if 'Microsoft.VisualStudio.ProjectSystem.Server.QueryExecutionServiceFactory' implements System.IAsyncDisposable.
10/01/2026 00:00:16 hora estándar de Brasilia : Information : Checking if 'Microsoft.VisualStudio.ProjectSystem.Server.QueryExecutionServiceFactory' implements System.IDisposable.
10/01/2026 00:00:16 hora estándar de Brasilia : Information : hubHostClr read: Content-Length: 58

{"jsonrpc":"2.0","id":13,"method":"ExitAsync","params":[]}
10/01/2026 00:00:16 hora estándar de Brasilia : Information : Exit command received. Exiting CLR host
10/01/2026 00:00:16 hora estándar de Brasilia : Information : hubHostClr write: Content-Length: 39

{"jsonrpc":"2.0","id":13,"result":null}
10/01/2026 00:00:16 hora estándar de Brasilia : Information : hubHostClr JSON RPC has been disposed
10/01/2026 00:00:16 hora estándar de Brasilia : Information : hubHostClr read: end of stream
10/01/2026 00:00:16 hora estándar de Brasilia : Information : Checking if 'Microsoft.VisualStudio.HotReload.HotReloadSessionNotificationServiceFactory' implements Microsoft.VisualStudio.Threading.IAsyncDisposable.
10/01/2026 00:00:16 hora estándar de Brasilia : Information : Checking if 'Microsoft.VisualStudio.ProjectSystem.LanguageServiceLoadStatusServiceFactory' implements Microsoft.VisualStudio.Threading.IAsyncDisposable.
10/01/2026 00:00:16 hora estándar de Brasilia : Information : Checking if 'Microsoft.VisualStudio.ProjectSystem.Server.CompositionServiceFactory' implements Microsoft.VisualStudio.Threading.IAsyncDisposable.
10/01/2026 00:00:16 hora estándar de Brasilia : Information : Checking if 'Microsoft.VisualStudio.HotReload.HotReloadSessionNotificationServiceFactory' implements System.IAsyncDisposable.
10/01/2026 00:00:16 hora estándar de Brasilia : Information : Checking if 'Microsoft.VisualStudio.ProjectSystem.Server.CompositionServiceFactory' implements System.IAsyncDisposable.
10/01/2026 00:00:16 hora estándar de Brasilia : Information : Checking if 'Microsoft.VisualStudio.HotReload.HotReloadSessionNotificationServiceFactory' implements System.IDisposable.
10/01/2026 00:00:16 hora estándar de Brasilia : Information : Checking if 'Microsoft.VisualStudio.ProjectSystem.LanguageServiceLoadStatusServiceFactory' implements System.IAsyncDisposable.
10/01/2026 00:00:16 hora estándar de Brasilia : Information : Checking if 'Microsoft.VisualStudio.ProjectSystem.LanguageServiceLoadStatusServiceFactory' implements System.IDisposable.
10/01/2026 00:00:16 hora estándar de Brasilia : Information : Checking if 'Microsoft.VisualStudio.ProjectSystem.Server.CompositionServiceFactory' implements System.IDisposable.
