09/30/2026 23:58:02 hora estándar de Brasilia : Information : Local timezone is (UTC-03:00) hora estándar de Brasilia (São Paulo)
09/30/2026 23:58:03 hora estándar de Brasilia : Information : Service Hub .NET service module host started. Host id: dotnet$C94B8CFE-E3FD-4BAF-A941-2866DBB566FE. Controller pipe: net.pipe://198157B74B. PID: 19842
09/30/2026 23:58:03 hora estándar de Brasilia : Information : hubHostClr read: Content-Length: 116

{"jsonrpc":"2.0","id":2,"method":"InitializeHostAsync","params":[{"HostsRootDirectory":".","AppConfigFallback":""}]}
09/30/2026 23:58:03 hora estándar de Brasilia : Information : hubHostClr write: Content-Length: 79

{"jsonrpc":"2.0","id":2,"result":"dotnet$C94B8CFE-E3FD-4BAF-A941-2866DBB566FE"}
09/30/2026 23:58:03 hora estándar de Brasilia : Information : hubHostClr read: Content-Length: 1023

{"jsonrpc":"2.0","id":3,"method":"StartServiceAsync","params":[{"name":"Microsoft.VisualStudio.CsDKTestWindow.Service","host":"dotnet","hostId":"C94B8CFE-E3FD-4BAF-A941-2866DBB566FE","serviceBaseDirectory":"/Users/MAC/.vscode/extensions/ms-dotnettools.csdevkit-3.40.210-darwin-x64/components/vs-green-server/platforms/darwin-x64/node_modules/@microsoft/visualstudio-testwindow-vscode-service.darwin-x64","entryPoint":{"assemblyPath":"/Users/MAC/.vscode/extensions/ms-dotnettools.csdevkit-3.40.210-darwin-x64/components/vs-green-server/platforms/darwin-x64/node_modules/@microsoft/visualstudio-testwindow-vscode-service.darwin-x64/Microsoft.VisualStudio.TestWindow.VSCode.Service.dll","fullClassName":"Microsoft.VisualStudio.TestWindow.VSCode.Service.CsDKTestWindowServiceFactory"}},{"ActivationArguments":{"__servicehub__ServiceHubRemoteServiceBrokerPipeName":"/Users/MAC/.ServiceHub/974522f1e6/840166b9d1","__servicehub__RequestedServiceVersion":"0.1"},"ClientCredentials":{},"ClientCulture":"en","ClientUICulture":"en"}]}
09/30/2026 23:58:03 hora estándar de Brasilia : Information : CLR host received start request for service 'Microsoft.VisualStudio.CsDKTestWindow.Service'
09/30/2026 23:58:03 hora estándar de Brasilia : Information : Loading service module assembly '/Users/MAC/.vscode/extensions/ms-dotnettools.csdevkit-3.40.210-darwin-x64/components/vs-green-server/platforms/darwin-x64/node_modules/@microsoft/visualstudio-testwindow-vscode-service.darwin-x64/Microsoft.VisualStudio.TestWindow.VSCode.Service.dll' from '/Users/MAC/.vscode/extensions/ms-dotnettools.csdevkit-3.40.210-darwin-x64/components/vs-green-server/platforms/darwin-x64/node_modules/@microsoft/visualstudio-testwindow-vscode-service.darwin-x64'
09/30/2026 23:58:03 hora estándar de Brasilia : Information : Starting service module 'Microsoft.VisualStudio.CsDKTestWindow.Service'. Class: Microsoft.VisualStudio.TestWindow.VSCode.Service.CsDKTestWindowServiceFactory, Supported Version: 
09/30/2026 23:58:03 hora estándar de Brasilia : Information : Started service 'Microsoft.VisualStudio.CsDKTestWindow.Service'. Pipe name: /Users/MAC/.ServiceHub/974522f1e6/a0fd3c8492, Supported Version: 
09/30/2026 23:58:03 hora estándar de Brasilia : Information : hubHostClr write: Content-Length: 80

{"jsonrpc":"2.0","id":3,"result":"/Users/MAC/.ServiceHub/974522f1e6/a0fd3c8492"}
09/30/2026 23:58:03 hora estándar de Brasilia : Information : A new client connected to CLR service module 'Microsoft.VisualStudio.CsDKTestWindow.Service'
09/30/2026 23:58:03 hora estándar de Brasilia : Information : Found FactoryVersion=Version2 for service : Microsoft.VisualStudio.CsDKTestWindow.Service.
09/30/2026 23:58:03 hora estándar de Brasilia : Information : Service 'Microsoft.VisualStudio.TestWindow.VSCode.Service.CsDKTestWindowServiceFactory' implements IServiceHubServiceFactory. Creating factory instance and caching it.
09/30/2026 23:58:03 hora estándar de Brasilia : Information : hubHostClr write: Content-Length: 110

{"jsonrpc":"2.0","method":"HostServicesStartedAsync","params":["dotnet$C94B8CFE-E3FD-4BAF-A941-2866DBB566FE"]}
09/30/2026 23:58:03 hora estándar de Brasilia : Information : Creating service Microsoft.VisualStudio.TestWindow.VSCode.Service.CsDKTestWindowServiceFactory from factory with FactoryVersion=Version2 and ClientRequestedVersion=0.1.
09/30/2026 23:58:03 hora estándar de Brasilia : Information : Setting up RPC connection for service 'Microsoft.VisualStudio.TestWindow.VSCode.Service.CsDKTestWindowServiceFactory' from factory
09/30/2026 23:58:03 hora estándar de Brasilia : Information : Completed RPC connection setup for service 'Microsoft.VisualStudio.TestWindow.VSCode.Service.CsDKTestWindowServiceFactory' from factory
09/30/2026 23:58:04 hora estándar de Brasilia : Information : hubHostClr read: Content-Length: 1077

{"jsonrpc":"2.0","id":4,"method":"StartServiceAsync","params":[{"name":"Microsoft.VisualStudio.TestWindow.VSCode.ProjectSystemProvider.Service","host":"dotnet","hostId":"C94B8CFE-E3FD-4BAF-A941-2866DBB566FE","serviceBaseDirectory":"/Users/MAC/.vscode/extensions/ms-dotnettools.csdevkit-3.40.210-darwin-x64/components/vs-green-server/platforms/darwin-x64/node_modules/@microsoft/visualstudio-testwindow-vscode-service.darwin-x64","entryPoint":{"assemblyPath":"/Users/MAC/.vscode/extensions/ms-dotnettools.csdevkit-3.40.210-darwin-x64/components/vs-green-server/platforms/darwin-x64/node_modules/@microsoft/visualstudio-testwindow-vscode-service.darwin-x64/Microsoft.VisualStudio.TestWindow.VSCode.Service.dll","fullClassName":"Microsoft.VisualStudio.TestWindow.VSCode.ProjectSystemProvider.Service.ProjectSystemProviderServiceFactory"}},{"ActivationArguments":{"__servicehub__ServiceHubRemoteServiceBrokerPipeName":"/Users/MAC/.ServiceHub/974522f1e6/5cd651b06a","__servicehub__RequestedServiceVersion":"0.1"},"ClientCredentials":{},"ClientCulture":"en","ClientUICulture":"en"}]}
09/30/2026 23:58:04 hora estándar de Brasilia : Information : CLR host received start request for service 'Microsoft.VisualStudio.TestWindow.VSCode.ProjectSystemProvider.Service'
09/30/2026 23:58:04 hora estándar de Brasilia : Information : Loading service module assembly '/Users/MAC/.vscode/extensions/ms-dotnettools.csdevkit-3.40.210-darwin-x64/components/vs-green-server/platforms/darwin-x64/node_modules/@microsoft/visualstudio-testwindow-vscode-service.darwin-x64/Microsoft.VisualStudio.TestWindow.VSCode.Service.dll' from '/Users/MAC/.vscode/extensions/ms-dotnettools.csdevkit-3.40.210-darwin-x64/components/vs-green-server/platforms/darwin-x64/node_modules/@microsoft/visualstudio-testwindow-vscode-service.darwin-x64'
09/30/2026 23:58:04 hora estándar de Brasilia : Information : Starting service module 'Microsoft.VisualStudio.TestWindow.VSCode.ProjectSystemProvider.Service'. Class: Microsoft.VisualStudio.TestWindow.VSCode.ProjectSystemProvider.Service.ProjectSystemProviderServiceFactory, Supported Version: 
09/30/2026 23:58:04 hora estándar de Brasilia : Information : Started service 'Microsoft.VisualStudio.TestWindow.VSCode.ProjectSystemProvider.Service'. Pipe name: /Users/MAC/.ServiceHub/974522f1e6/8c9c0851d7, Supported Version: 
09/30/2026 23:58:04 hora estándar de Brasilia : Information : hubHostClr write: Content-Length: 80

{"jsonrpc":"2.0","id":4,"result":"/Users/MAC/.ServiceHub/974522f1e6/8c9c0851d7"}
09/30/2026 23:58:04 hora estándar de Brasilia : Information : A new client connected to CLR service module 'Microsoft.VisualStudio.TestWindow.VSCode.ProjectSystemProvider.Service'
09/30/2026 23:58:04 hora estándar de Brasilia : Information : Found FactoryVersion=Version2 for service : Microsoft.VisualStudio.TestWindow.VSCode.ProjectSystemProvider.Service.
09/30/2026 23:58:04 hora estándar de Brasilia : Information : Service 'Microsoft.VisualStudio.TestWindow.VSCode.ProjectSystemProvider.Service.ProjectSystemProviderServiceFactory' implements IServiceHubServiceFactory. Creating factory instance and caching it.
09/30/2026 23:58:04 hora estándar de Brasilia : Information : Creating service Microsoft.VisualStudio.TestWindow.VSCode.ProjectSystemProvider.Service.ProjectSystemProviderServiceFactory from factory with FactoryVersion=Version2 and ClientRequestedVersion=0.1.
09/30/2026 23:58:04 hora estándar de Brasilia : Information : Setting up RPC connection for service 'Microsoft.VisualStudio.TestWindow.VSCode.ProjectSystemProvider.Service.ProjectSystemProviderServiceFactory' from factory
09/30/2026 23:58:04 hora estándar de Brasilia : Information : Completed RPC connection setup for service 'Microsoft.VisualStudio.TestWindow.VSCode.ProjectSystemProvider.Service.ProjectSystemProviderServiceFactory' from factory
10/01/2026 00:00:16 hora estándar de Brasilia : Information : Checking if 'Microsoft.VisualStudio.TestWindow.VSCode.ProjectSystemProvider.Service.ProjectSystemProviderServiceFactory' implements Microsoft.VisualStudio.Threading.IAsyncDisposable.
10/01/2026 00:00:16 hora estándar de Brasilia : Information : Checking if 'Microsoft.VisualStudio.TestWindow.VSCode.ProjectSystemProvider.Service.ProjectSystemProviderServiceFactory' implements System.IAsyncDisposable.
10/01/2026 00:00:16 hora estándar de Brasilia : Information : Checking if 'Microsoft.VisualStudio.TestWindow.VSCode.ProjectSystemProvider.Service.ProjectSystemProviderServiceFactory' implements System.IDisposable.
10/01/2026 00:00:16 hora estándar de Brasilia : Information : hubHostClr write: Content-Length: 108

{"jsonrpc":"2.0","method":"HostServicesEndedAsync","params":["dotnet$C94B8CFE-E3FD-4BAF-A941-2866DBB566FE"]}
10/01/2026 00:00:16 hora estándar de Brasilia : Information : Checking if 'Microsoft.VisualStudio.TestWindow.VSCode.Service.CsDKTestWindowServiceFactory' implements Microsoft.VisualStudio.Threading.IAsyncDisposable.
10/01/2026 00:00:16 hora estándar de Brasilia : Information : Checking if 'Microsoft.VisualStudio.TestWindow.VSCode.Service.CsDKTestWindowServiceFactory' implements System.IAsyncDisposable.
10/01/2026 00:00:16 hora estándar de Brasilia : Information : Checking if 'Microsoft.VisualStudio.TestWindow.VSCode.Service.CsDKTestWindowServiceFactory' implements System.IDisposable.
10/01/2026 00:00:16 hora estándar de Brasilia : Information : hubHostClr read: Content-Length: 57

{"jsonrpc":"2.0","id":5,"method":"ExitAsync","params":[]}
10/01/2026 00:00:16 hora estándar de Brasilia : Information : Exit command received. Exiting CLR host
10/01/2026 00:00:16 hora estándar de Brasilia : Information : hubHostClr write: Content-Length: 38

{"jsonrpc":"2.0","id":5,"result":null}
10/01/2026 00:00:16 hora estándar de Brasilia : Information : hubHostClr JSON RPC has been disposed
10/01/2026 00:00:16 hora estándar de Brasilia : Information : hubHostClr read: end of stream
